Microchip MPLAB XC8 Compiler V2.00 ()

Linker command line:

-W-3 --edf=C:\Program Files (x86)\Microchip\xc8\v2.00\pic\dat\en_msgs.txt \
  -cs -h+dist/default/production\USB_Bootloader_RotaryTable.production.sym \
  --cmf=dist/default/production\USB_Bootloader_RotaryTable.production.cmf \
  -z -Q18F47J53 -oC:\Users\luke\AppData\Local\Temp\s40s.2 \
  --defsym=__MPLAB_BUILD=1 \
  -Mdist/default/production/USB_Bootloader_RotaryTable.production.map -E1 \
  -ver=XC8 --acfsm=1493 -ASTACK=04CCh-05ffh -pstack=STACK -ACODE=00h-08FFFh \
  -ACONST=00h-08FFFh -ASMALLCONST=0F00h-0FFFhx129 \
  -AMEDIUMCONST=0F00h-08FFFh -ACOMRAM=01h-05Fh -AABS1=00h-0EAFh \
  -ABIGRAM=01h-0EAFh -ARAM=060h-0FFh,0100h-01FFhx13,0E00h-0EAFh \
  -ABANK0=060h-0FFh -ABANK1=0100h-01FFh -ABANK2=0200h-02FFh \
  -ABANK3=0300h-03FFh -ABANK4=0400h-04FFh -ABANK5=0500h-05FFh \
  -ABANK6=0600h-06FFh -ABANK7=0700h-07FFh -ABANK8=0800h-08FFh \
  -ABANK9=0900h-09FFh -ABANK10=0A00h-0AFFh -ABANK11=0B00h-0BFFh \
  -ABANK12=0C00h-0CFFh -ABANK13=0D00h-0DFFh -ABANK14=0E00h-0EAFh \
  -ASFR=0EB0h-0EFFh,0F00h-0F5Fh,0F60h-0FFFh \
  -preset_vec=00h,intcode=08h,intcodelo=018h,powerup,init -pramtop=0F00h \
  -psmallconst=SMALLCONST -pmediumconst=MEDIUMCONST -pconst=CONST \
  -AFARRAM=00h-00h -ACONFIG=01FFF8h-01FFFFh -pconfig=CONFIG \
  -pjflash_buffer=01F800h \
  -prdata=COMRAM,nvrram=COMRAM,nvbit=COMRAM,rbss=COMRAM,rbit=COMRAM \
  -pfarbss=FARRAM,fardata=FARRAM,nvFARRAM=FARRAM \
  -pintsave_regs=BIGRAM,bigbss=BIGRAM,bigdata=BIGRAM -pbss=RAM \
  -pidata=CODE,irdata=CODE,ibigdata=CODE,ifardata=CODE -prparam=COMRAM \
  C:\Users\luke\AppData\Local\Temp\s40s.o \
  dist/default/production\USB_Bootloader_RotaryTable.production.o 

Object code version is 3.11

Machine type is 18F47J53

Call graph: (short form)




                Name                               Link     Load   Length Selector   Space Scale
C:\Users\luke\AppData\Local\Temp\s40s.o
                init                                 1C       1C        4        C       0
                reset_vec                             0        0        4        0       0
                config                            1FFF8    1FFF8        8    1FFF8       0
dist/default/production\USB_Bootloader_RotaryTable.production.o
                intcodelo                            18       18        4        C       0
                intcode                               8        8        4        4       0
                mediumconst                        8C44     8C44      3BC     4622       0
                text188                            4112     4112      102        C       0
                text187                            7054     7054       28        C       0
                text186                            67B8     67B8       56        C       0
                text185                            175A     175A      264        C       0
                text184                            4CB0     4CB0       CE        C       0
                text183                            2982     2982      196        C       0
                text182                            5982     5982       94        C       0
                text181                            6EEE     6EEE       32        C       0
                text180                            6608     6608       58        C       0
                text179                            6762     6762       56        C       0
                text178                            71A6     71A6       22        C       0
                text177                            5ED0     5ED0       78        C       0
                text176                            65B0     65B0       58        C       0
                text175                            5BC6     5BC6       8C        C       0
                text174                            69AC     69AC       50        C       0
                text173                            6A48     6A48       4A        C       0
                text172                            1E3C     1E3C      200        C       0
                text171                            533E     533E       AA        C       0
                text170                            6D76     6D76       3A        C       0
                text169                            7482     7482        8        C       0
                text168                            747A     747A        8        C       0
                text167                            7472     7472        8        C       0
                text166                            6558     6558       58        C       0
                text165                            713A     713A       26        C       0
                text164                            6B22     6B22       48        C       0
                text163                            6BF4     6BF4       44        C       0
                text162                            690A     690A       52        C       0
                text161                            6CBC     6CBC       42        C       0
                text160                            5532     5532       A4        C       0
                text159                            6C7A     6C7A       42        C       0
                text158                            5138     5138       B0        C       0
                text157                            7468     7468        A        C       0
                text156                            2C92     2C92      178        C       0
                text155                            6ADA     6ADA       48        C       0
                text154                            745E     745E        A        C       0
                text153                            2F80     2F80      172        C       0
                text152                            5D5C     5D5C       82        C       0
                text151                            62B0     62B0       66        C       0
                text150                            7114     7114       26        C       0
                text149                            30F2     30F2      158        C       0
                text148                            7454     7454        A        C       0
                text147                            74A8     74A8        6        C       0
                text146                            744A     744A        A        C       0
                text145                             F2C      F2C      2F2        C       0
                text144                            73AA     73AA       12        C       0
                text143                            222A     222A      1DC        C       0
                text142                            27B8     27B8      1CA        C       0
                text141                            670C     670C       56        C       0
                text140                            339C     339C      152        C       0
                text139                            25E0     25E0      1D8        C       0
                text138                            324A     324A      152        C       0
                text137                            3776     3776      128        C       0
                text136                            4948     4948       DE        C       0
                text135                            7208     7208       20        C       0
                text134                            7228     7228       1E        C       0
                text133                            695C     695C       50        C       0
                text132                            6178     6178       6A        C       0
                text131                            74A2     74A2        6        C       0
                text130                            72EA     72EA       1A        C       0
                text129                            7160     7160       24        C       0
                text128                            5AA8     5AA8       92        C       0
                text127                            389E     389E      124        C       0
                text126                            749C     749C        6        C       0
                text125                            7496     7496        6        C       0
                text124                            734A     734A       16        C       0
                text123                            7440     7440        A        C       0
                text122                            7490     7490        6        C       0
                text121                            203C     203C      1EE        C       0
                text120                            7002     7002       2A        C       0
                text119                            5084     5084       B4        C       0
                text118                            7436     7436        A        C       0
                text117                            4010     4010      102        C       0
                text116                            624A     624A       66        C       0
                text115                            486A     486A       DE        C       0
                text114                            5676     5676       A0        C       0
                text113                            74B2     74B2        4        C       0
                text112                            72D0     72D0       1A        C       0
                text111                            7398     7398       12        C       0
                text110                            742C     742C        A        C       0
                text109                            5852     5852       9C        C       0
                text108                            5E58     5E58       78        C       0
                text107                            70EE     70EE       26        C       0
                text106                            6EBC     6EBC       32        C       0
                text105                            63DA     63DA       62        C       0
                text104                            3CFC     3CFC      108        C       0
                text103                            3F0A     3F0A      106        C       0
                text102                            45C8     45C8       E2        C       0
                text101                            2406     2406      1DA        C       0
                text100                            6E8A     6E8A       32        C       0
                text99                             74AE     74AE        4        C       0
                text98                             121E     121E      2B8        C       0
                text97                              49C      49C      3BE        C       0
                text96                             6378     6378       62        C       0
                text95                             3ADA     3ADA      112        C       0
                text94                             19BE     19BE      258        C       0
                text93                             7386     7386       12        C       0
                text92                             4BDC     4BDC       D4        C       0
                text91                             4D7E     4D7E       C8        C       0
                text90                             4E46     4E46       C4        C       0
                text89                             39C2     39C2      118        C       0
                text88                             649C     649C       60        C       0
                text87                             58EE     58EE       94        C       0
                text86                             6D3A     6D3A       3C        C       0
                text85                             6E56     6E56       34        C       0
                text84                             3E04     3E04      106        C       0
                text83                             73CC     73CC       10        C       0
                text82                             66B6     66B6       56        C       0
                text81                             68B6     68B6       54        C       0
                text80                             44E6     44E6       E2        C       0
                text79                             4F0A     4F0A       C2        C       0
                text78                             5C52     5C52       86        C       0
                text77                             14D6     14D6      284        C       0
                text76                             363C     363C      13A        C       0
                text75                             5294     5294       AA        C       0
                text74                             6FD6     6FD6       2C        C       0
                text73                             478A     478A       E0        C       0
                text72                             4404     4404       E2        C       0
                text71                             57B4     57B4       9E        C       0
                text70                             4214     4214      100        C       0
                text69                             5A16     5A16       92        C       0
                text68                             51E8     51E8       AC        C       0
                text67                             34EE     34EE      14E        C       0
                text66                             7184     7184       22        C       0
                text65                             6BB0     6BB0       44        C       0
                text64                             6F20     6F20       30        C       0
                text63                             6DE8     6DE8       38        C       0
                text62                             2E0A     2E0A      176        C       0
                text61                             7422     7422        A        C       0
                text60                             7418     7418        A        C       0
                text59                             740E     740E        A        C       0
                text58                             5B3A     5B3A       8C        C       0
                text57                             6862     6862       54        C       0
                text56                             64FC     64FC       5C        C       0
                text55                             5CD8     5CD8       84        C       0
                text54                             46AA     46AA       E0        C       0
                text53                             70C8     70C8       26        C       0
                text52                             6FAA     6FAA       2C        C       0
                text51                             70A2     70A2       26        C       0
                text50                             6316     6316       62        C       0
                text49                             609E     609E       6E        C       0
                text48                             55D6     55D6       A0        C       0
                text47                             4B02     4B02       DA        C       0
                text46                             5FBC     5FBC       72        C       0
                text45                             73EA     73EA        E        C       0
                text44                             731C     731C       18        C       0
                text43                             7304     7304       18        C       0
                text42                             6660     6660       56        C       0
                text41                             6B6A     6B6A       46        C       0
                text40                             5716     5716       9E        C       0
                text39                             1C16     1C16      226        C       0
                text38                             6F50     6F50       2E        C       0
                text37                             643C     643C       60        C       0
                text36                             702C     702C       28        C       0
                text35                             610C     610C       6C        C       0
                text34                             7404     7404        A        C       0
                text33                             729A     729A       1C        C       0
                text32                             6E20     6E20       36        C       0
                text31                             6C38     6C38       42        C       0
                text30                             4FCC     4FCC       B8        C       0
                text29                             6F7E     6F7E       2C        C       0
                text28                             602E     602E       70        C       0
                text27                             727E     727E       1C        C       0
                text26                               20       20      47C        C       0
                text25                              85A      85A      3B4        C       0
                text24                              C0E      C0E      31E        C       0
                text23                             61E2     61E2       68        C       0
                text22                             748A     748A        6        C       0
                text21                             71E8     71E8       20        C       0
                text20                             71C8     71C8       20        C       0
                text19                             548E     548E       A4        C       0
                text18                             73BC     73BC       10        C       0
                text17                             5DDE     5DDE       7A        C       0
                text16                             6DB0     6DB0       38        C       0
                text15                             6CFE     6CFE       3C        C       0
                text14                             73DC     73DC        E        C       0
                text13                             7374     7374       12        C       0
                text12                             680E     680E       54        C       0
                text11                             7262     7262       1C        C       0
                text10                             7334     7334       16        C       0
                text9                              73F8     73F8        C        C       0
                text8                              4314     4314       F0        C       0
                text7                              2B18     2B18      17A        C       0
                text6                              6A92     6A92       48        C       0
                text5                              707C     707C       26        C       0
                text4                              5F48     5F48       74        C       0
                text3                              69FC     69FC       4C        C       0
                text2                              7246     7246       1C        C       0
                text1                              3BEC     3BEC      110        C       0
                text0                              4A26     4A26       DC        C       0
                cstackCOMRAM                          1        1       5E        1       1
                cstackBANK0                          B6       B6       49       60       1
                bssBIGRAMll                         2CC      2CC      200      2CC       1
                bssBIGRAMlh                         800      800      400      800       1
                dataBANK2                           2B2      2B2       1A      200       1
                bssBANK2                            200      200       B2      200       1
                dataBANK1                           1E9      1E9       14      100       1
                bssBANK1                            100      100       E9      100       1
                dataBANK0                            FF       FF        1       60       1
                bssBANK0                             60       60       56       60       1
                bssCOMRAM                            5F       5F        1        1       1
                cinit                              53E8     53E8       A6        C       0
                idataBANK2                         72B6     72B6       1A        C       0
                idataBANK1                         7360     7360       14        C       0
                idataBANK0                         74B6     74B6        1        C       0

TOTAL           Name                               Link     Load   Length     Space
        CLASS   STACK          

        CLASS   CODE           
                intcodelo                            18       18        4         0
                intcode                               8        8        4         0
                init                                 1C       1C        4         0
                reset_vec                             0        0        4         0
                text188                            4112     4112      102         0
                text187                            7054     7054       28         0
                text186                            67B8     67B8       56         0
                text185                            175A     175A      264         0
                text184                            4CB0     4CB0       CE         0
                text183                            2982     2982      196         0
                text182                            5982     5982       94         0
                text181                            6EEE     6EEE       32         0
                text180                            6608     6608       58         0
                text179                            6762     6762       56         0
                text178                            71A6     71A6       22         0
                text177                            5ED0     5ED0       78         0
                text176                            65B0     65B0       58         0
                text175                            5BC6     5BC6       8C         0
                text174                            69AC     69AC       50         0
                text173                            6A48     6A48       4A         0
                text172                            1E3C     1E3C      200         0
                text171                            533E     533E       AA         0
                text170                            6D76     6D76       3A         0
                text169                            7482     7482        8         0
                text168                            747A     747A        8         0
                text167                            7472     7472        8         0
                text166                            6558     6558       58         0
                text165                            713A     713A       26         0
                text164                            6B22     6B22       48         0
                text163                            6BF4     6BF4       44         0
                text162                            690A     690A       52         0
                text161                            6CBC     6CBC       42         0
                text160                            5532     5532       A4         0
                text159                            6C7A     6C7A       42         0
                text158                            5138     5138       B0         0
                text157                            7468     7468        A         0
                text156                            2C92     2C92      178         0
                text155                            6ADA     6ADA       48         0
                text154                            745E     745E        A         0
                text153                            2F80     2F80      172         0
                text152                            5D5C     5D5C       82         0
                text151                            62B0     62B0       66         0
                text150                            7114     7114       26         0
                text149                            30F2     30F2      158         0
                text148                            7454     7454        A         0
                text147                            74A8     74A8        6         0
                text146                            744A     744A        A         0
                text145                             F2C      F2C      2F2         0
                text144                            73AA     73AA       12         0
                text143                            222A     222A      1DC         0
                text142                            27B8     27B8      1CA         0
                text141                            670C     670C       56         0
                text140                            339C     339C      152         0
                text139                            25E0     25E0      1D8         0
                text138                            324A     324A      152         0
                text137                            3776     3776      128         0
                text136                            4948     4948       DE         0
                text135                            7208     7208       20         0
                text134                            7228     7228       1E         0
                text133                            695C     695C       50         0
                text132                            6178     6178       6A         0
                text131                            74A2     74A2        6         0
                text130                            72EA     72EA       1A         0
                text129                            7160     7160       24         0
                text128                            5AA8     5AA8       92         0
                text127                            389E     389E      124         0
                text126                            749C     749C        6         0
                text125                            7496     7496        6         0
                text124                            734A     734A       16         0
                text123                            7440     7440        A         0
                text122                            7490     7490        6         0
                text121                            203C     203C      1EE         0
                text120                            7002     7002       2A         0
                text119                            5084     5084       B4         0
                text118                            7436     7436        A         0
                text117                            4010     4010      102         0
                text116                            624A     624A       66         0
                text115                            486A     486A       DE         0
                text114                            5676     5676       A0         0
                text113                            74B2     74B2        4         0
                text112                            72D0     72D0       1A         0
                text111                            7398     7398       12         0
                text110                            742C     742C        A         0
                text109                            5852     5852       9C         0
                text108                            5E58     5E58       78         0
                text107                            70EE     70EE       26         0
                text106                            6EBC     6EBC       32         0
                text105                            63DA     63DA       62         0
                text104                            3CFC     3CFC      108         0
                text103                            3F0A     3F0A      106         0
                text102                            45C8     45C8       E2         0
                text101                            2406     2406      1DA         0
                text100                            6E8A     6E8A       32         0
                text99                             74AE     74AE        4         0
                text98                             121E     121E      2B8         0
                text97                              49C      49C      3BE         0
                text96                             6378     6378       62         0
                text95                             3ADA     3ADA      112         0
                text94                             19BE     19BE      258         0
                text93                             7386     7386       12         0
                text92                             4BDC     4BDC       D4         0
                text91                             4D7E     4D7E       C8         0
                text90                             4E46     4E46       C4         0
                text89                             39C2     39C2      118         0
                text88                             649C     649C       60         0
                text87                             58EE     58EE       94         0
                text86                             6D3A     6D3A       3C         0
                text85                             6E56     6E56       34         0
                text84                             3E04     3E04      106         0
                text83                             73CC     73CC       10         0
                text82                             66B6     66B6       56         0
                text81                             68B6     68B6       54         0
                text80                             44E6     44E6       E2         0
                text79                             4F0A     4F0A       C2         0
                text78                             5C52     5C52       86         0
                text77                             14D6     14D6      284         0
                text76                             363C     363C      13A         0
                text75                             5294     5294       AA         0
                text74                             6FD6     6FD6       2C         0
                text73                             478A     478A       E0         0
                text72                             4404     4404       E2         0
                text71                             57B4     57B4       9E         0
                text70                             4214     4214      100         0
                text69                             5A16     5A16       92         0
                text68                             51E8     51E8       AC         0
                text67                             34EE     34EE      14E         0
                text66                             7184     7184       22         0
                text65                             6BB0     6BB0       44         0
                text64                             6F20     6F20       30         0
                text63                             6DE8     6DE8       38         0
                text62                             2E0A     2E0A      176         0
                text61                             7422     7422        A         0
                text60                             7418     7418        A         0
                text59                             740E     740E        A         0
                text58                             5B3A     5B3A       8C         0
                text57                             6862     6862       54         0
                text56                             64FC     64FC       5C         0
                text55                             5CD8     5CD8       84         0
                text54                             46AA     46AA       E0         0
                text53                             70C8     70C8       26         0
                text52                             6FAA     6FAA       2C         0
                text51                             70A2     70A2       26         0
                text50                             6316     6316       62         0
                text49                             609E     609E       6E         0
                text48                             55D6     55D6       A0         0
                text47                             4B02     4B02       DA         0
                text46                             5FBC     5FBC       72         0
                text45                             73EA     73EA        E         0
                text44                             731C     731C       18         0
                text43                             7304     7304       18         0
                text42                             6660     6660       56         0
                text41                             6B6A     6B6A       46         0
                text40                             5716     5716       9E         0
                text39                             1C16     1C16      226         0
                text38                             6F50     6F50       2E         0
                text37                             643C     643C       60         0
                text36                             702C     702C       28         0
                text35                             610C     610C       6C         0
                text34                             7404     7404        A         0
                text33                             729A     729A       1C         0
                text32                             6E20     6E20       36         0
                text31                             6C38     6C38       42         0
                text30                             4FCC     4FCC       B8         0
                text29                             6F7E     6F7E       2C         0
                text28                             602E     602E       70         0
                text27                             727E     727E       1C         0
                text26                               20       20      47C         0
                text25                              85A      85A      3B4         0
                text24                              C0E      C0E      31E         0
                text23                             61E2     61E2       68         0
                text22                             748A     748A        6         0
                text21                             71E8     71E8       20         0
                text20                             71C8     71C8       20         0
                text19                             548E     548E       A4         0
                text18                             73BC     73BC       10         0
                text17                             5DDE     5DDE       7A         0
                text16                             6DB0     6DB0       38         0
                text15                             6CFE     6CFE       3C         0
                text14                             73DC     73DC        E         0
                text13                             7374     7374       12         0
                text12                             680E     680E       54         0
                text11                             7262     7262       1C         0
                text10                             7334     7334       16         0
                text9                              73F8     73F8        C         0
                text8                              4314     4314       F0         0
                text7                              2B18     2B18      17A         0
                text6                              6A92     6A92       48         0
                text5                              707C     707C       26         0
                text4                              5F48     5F48       74         0
                text3                              69FC     69FC       4C         0
                text2                              7246     7246       1C         0
                text1                              3BEC     3BEC      110         0
                text0                              4A26     4A26       DC         0
                cinit                              53E8     53E8       A6         0
                idataBANK2                         72B6     72B6       1A         0
                idataBANK1                         7360     7360       14         0
                idataBANK0                         74B6     74B6        1         0

        CLASS   CONST          

        CLASS   SMALLCONST     

        CLASS   MEDIUMCONST    
                mediumconst                        8C44     8C44      3BC         0

        CLASS   COMRAM         
                cstackCOMRAM                          1        1       5E         1
                bssCOMRAM                            5F       5F        1         1

        CLASS   ABS1           
                abs_s1                              600      600      200         1
                abs_s1                              D00      D00       5F         1
                abs_s1                              D80      D80        D         1

        CLASS   BIGRAM         
                bssBIGRAMll                         2CC      2CC      200         1
                bssBIGRAMlh                         800      800      400         1

        CLASS   RAM            

        CLASS   BANK0          
                cstackBANK0                          B6       B6       49         1
                dataBANK0                            FF       FF        1         1
                bssBANK0                             60       60       56         1

        CLASS   BANK1          
                dataBANK1                           1E9      1E9       14         1
                bssBANK1                            100      100       E9         1

        CLASS   BANK2          
                dataBANK2                           2B2      2B2       1A         1
                bssBANK2                            200      200       B2         1

        CLASS   BANK3          

        CLASS   BANK4          

        CLASS   BANK5          

        CLASS   BANK6          

        CLASS   BANK7          

        CLASS   BANK8          

        CLASS   BANK9          

        CLASS   BANK10         

        CLASS   BANK11         

        CLASS   BANK12         

        CLASS   BANK13         

        CLASS   BANK14         

        CLASS   SFR            

        CLASS   FARRAM         

        CLASS   CONFIG         
                config                            1FFF8    1FFF8        8         0

        CLASS   IDLOC          



SEGMENTS        Name                           Load    Length   Top    Selector   Space  Class

                reset_vec                      000000  000004  000004         0       0  CODE    
                cstackCOMRAM                   000001  00005F  000060         1       1  COMRAM  
                intcode                        000008  000004  00000C         4       0  CODE    
                intcodelo                      000018  00749F  0074B7         C       0  CODE    
                bssBANK0                       000060  0000A0  000100        60       1  BANK0   
                bssBANK1                       000100  0000FD  0001FD       100       1  BANK1   
                bssBANK2                       000200  0000CC  0002CC       200       1  BANK2   
                bssBIGRAMll                    0002CC  000200  0004CC       2CC       1  BIGRAM  
                bssBIGRAMlh                    000800  000400  000C00       800       1  BIGRAM  
                mediumconst                    008C44  0003BC  009000      4622       0  MEDIUMCO
                config                         01FFF8  000008  020000     1FFF8       0  CONFIG  


UNUSED ADDRESS RANGES

        Name                Unused          Largest block    Delta
        BANK1            001FD-001FF               3
        BANK12           00C00-00CFF             100
        BANK13           00D5F-00D7F              21
                         00D8D-00DFF              73
        BANK14           00E00-00EAF              B0
        BANK4            004CC-004FF              34
        BANK5            00500-005FF             100
        BIGRAM           001FD-001FF               3
                         004CC-005FF             134
                         00C00-00CFF             100
                         00D5F-00D7F              21
                         00D8D-00EAF             123
        CODE             00004-00007               4
                         0000C-00017               C
                         074B7-08C43            178D
        CONST            00004-00007               4
                         0000C-00017               C
                         074B7-08C43            178D
        MEDIUMCONST      074B7-08C43            178D
        RAM              001FD-001FF               3
                         004CC-005FF             100
                         00C00-00CFF             100
                         00D5F-00D7F              21
                         00D8D-00EAF              73
        SFR              00EB0-00FFF              60
        SMALLCONST       074B7-08C43             100
        STACK            004CC-005FF             134

                                  Symbol Table

?_ExternalFlash_CapacityRead                          cstackCOMRAM  00001
?_ExternalFlash_MediaInitialize                       cstackCOMRAM  00001
?_ExternalFlash_SectorSizeRead                        cstackCOMRAM  00001
?_USBTransferOnePacket                                cstackCOMRAM  00001
?___lldiv                                             cstackCOMRAM  00001
?___llmod                                             cstackCOMRAM  00001
?___lwdiv                                             cstackCOMRAM  00001
?___lwmod                                             cstackCOMRAM  00001
?___wmul                                              cstackCOMRAM  00001
?__data_sector_from_cluster                           cstackCOMRAM  00001
?__fat_offset_from_cluster                            cstackCOMRAM  00001
?__fat_sector_from_cluster                            cstackCOMRAM  00001
?__find_nth_cluster                                   cstackCOMRAM  00038
?__flash_get_status                                   cstackCOMRAM  0000D
?__offset_from_file_number                            cstackCOMRAM  00001
?__read_fat                                           cstackCOMRAM  00030
?__read_value_from_offset                             cstackCOMRAM  00001
?__sector_from_file_number                            cstackCOMRAM  00001
?_bootloader_get_entries                              cstackCOMRAM  00001
?_bootloader_get_file_size                            cstackCOMRAM  00001
?_bootloader_get_flashPagesWritten                    cstackCOMRAM  00001
?_bootloader_get_rec_address                          cstackCOMRAM  00001
?_bootloader_get_rec_dataLength                       cstackCOMRAM  00001
?_bootloader_get_total_entries                        cstackCOMRAM  00001
?_fat_get_file_size                                   cstackCOMRAM  00036
?_hexCharsToUint16                                    cstackCOMRAM  00003
?_internalFlash_addressFromPage                       cstackCOMRAM  00001
?_internalFlash_addressWithinPage                     cstackCOMRAM  00009
?_internalFlash_getBuffer                             cstackCOMRAM  00001
?_internalFlash_pageFromAddress                       cstackCOMRAM  00001
?_parseHexFileEntry                                   cstackCOMRAM  0000C
?_strncmp                                             cstackCOMRAM  00001
ExternalFlash_CapacityRead@config                     cstackCOMRAM  00001
ExternalFlash_MediaDetect@config                      cstackCOMRAM  00001
ExternalFlash_MediaInitialize@config                  cstackCOMRAM  00001
ExternalFlash_SectorRead@buffer                       cstackCOMRAM  00032
ExternalFlash_SectorRead@config                       cstackCOMRAM  0002C
ExternalFlash_SectorRead@page                         cstackCOMRAM  00034
ExternalFlash_SectorRead@sector_addr                  cstackCOMRAM  0002E
ExternalFlash_SectorSizeRead@config                   cstackCOMRAM  00001
ExternalFlash_SectorWrite@allowWriteToZero            cstackCOMRAM  0002D
ExternalFlash_SectorWrite@buffer                      cstackCOMRAM  0002B
ExternalFlash_SectorWrite@config                      cstackCOMRAM  00025
ExternalFlash_SectorWrite@page                        cstackCOMRAM  0002E
ExternalFlash_SectorWrite@sector_addr                 cstackCOMRAM  00027
ExternalFlash_WriteProtectStateGet@config             cstackCOMRAM  00001
MSDCheckForErrorCases@DeviceBytes                     cstackCOMRAM  0000B
MSDCheckForErrorCases@DeviceNoData                    cstackCOMRAM  00011
MSDCheckForErrorCases@HostMoreDataThanDevice          cstackCOMRAM  0000F
MSDCheckForErrorCases@MSDErrorCase                    cstackCOMRAM  00010
MSDComputeDeviceInAndResidue@DiExpected               cstackCOMRAM  00001
MSDErrorHandler@ErrorCase                             cstackCOMRAM  00009
MSDErrorHandler@OldMSD_State                          cstackCOMRAM  0000A
MSDProcessCommandMediaPresent@NumBytesInPacket        cstackCOMRAM  0003E
MSDProcessCommandMediaPresent@capacity                cstackCOMRAM  00043
MSDProcessCommandMediaPresent@i                       cstackCOMRAM  00047
MSDProcessCommandMediaPresent@sectorSize              cstackCOMRAM  0003F
MSDTasks@i                                            cstackCOMRAM  00052
MSDTransferTerminated@handle                          cstackCOMRAM  0000C
SYSTEM_Initialize@pll_startup_counter                 cstackCOMRAM  00001
SYSTEM_Initialize@pll_startup_counter_2932            cstackCOMRAM  00003
SYSTEM_Initialize@state                               cstackCOMRAM  00005
USBConfigureEndpoint@EPNum                            cstackCOMRAM  00006
USBConfigureEndpoint@direction                        cstackCOMRAM  00001
USBConfigureEndpoint@handle                           cstackCOMRAM  00007
USBCtrlTrfInHandler@lastDTS                           cstackCOMRAM  00002
USBCtrlTrfRxService@byteToRead                        cstackCOMRAM  00002
USBCtrlTrfRxService@i                                 cstackCOMRAM  00001
USBCtrlTrfTxService@byteToSend                        cstackCOMRAM  00001
USBDeviceInit@i                                       cstackCOMRAM  00009
USBDeviceTasks@i                                      cstackCOMRAM  00020
USBEnableEndpoint@ep                                  cstackCOMRAM  0000C
USBEnableEndpoint@options                             cstackCOMRAM  00009
USBEnableEndpoint@p                                   cstackCOMRAM  0000A
USBStallEndpoint@dir                                  cstackCOMRAM  00001
USBStallEndpoint@ep                                   cstackCOMRAM  00006
USBStallEndpoint@p                                    cstackCOMRAM  00007
USBStdFeatureReqHandler@current_ep_data               cstackCOMRAM  0001B
USBStdFeatureReqHandler@p                             cstackCOMRAM  0001C
USBStdFeatureReqHandler@pUEP                          cstackCOMRAM  00019
USBStdGetStatusHandler@p                              cstackCOMRAM  00002
USBStdSetCfgHandler@i                                 cstackCOMRAM  00018
USBTransferOnePacket@data                             cstackCOMRAM  00002
USBTransferOnePacket@dir                              cstackCOMRAM  00001
USBTransferOnePacket@ep                               cstackCOMRAM  00009
USBTransferOnePacket@handle                           cstackCOMRAM  0000A
USBTransferOnePacket@len                              cstackCOMRAM  00004
USER_USB_CALLBACK_EVENT_HANDLER@event                 cstackCOMRAM  00010
USER_USB_CALLBACK_EVENT_HANDLER@pdata                 cstackCOMRAM  00012
USER_USB_CALLBACK_EVENT_HANDLER@size                  cstackCOMRAM  00014
_ANCON0bits                                           (abs)         00F48
_APP_DeviceCustomHIDInitialize                        text85        06E56
_APP_DeviceCustomHIDTasks                             text114       05676
_APP_DeviceMSDInitialize                              text83        073CC
_APP_DeviceMSDTasks                                   text93        07386
_BDT                                                  (abs)         00D00
_BothEP0OutUOWNsSet                                   bssBANK0      000A8
_CtrlTrfData                                          (abs)         00D38
_DMABCH                                               (abs)         00F66
_DMABCL                                               (abs)         00F67
_DMACON1bits                                          (abs)         00F88
_DMACON2bits                                          (abs)         00F86
_EECON1                                               (abs)         00FA6
_EECON1bits                                           (abs)         00FA6
_EECON2                                               (abs)         00FA7
_ExternalFlash_CapacityRead                           text111       07398
_ExternalFlash_MediaDetect                            text113       074B2
_ExternalFlash_MediaInitialize                        text112       072D0
_ExternalFlash_SectorRead                             text106       06EBC
_ExternalFlash_SectorSizeRead                         text110       0742C
_ExternalFlash_SectorWrite                            text100       06E8A
_ExternalFlash_WriteProtectStateGet                   text99        074AE
_FileAddress                                          bssBANK1      00163
_INTCON                                               (abs)         00FF2
_INTCON3bits                                          (abs)         00FF0
_INTCONbits                                           (abs)         00FF2
_LATAbits                                             (abs)         00F89
_LATCbits                                             (abs)         00F8B
_LATDbits                                             (abs)         00F8C
_LBA                                                  bssBANK0      00083
_LUN                                                  dataBANK1     001E9
_MSBBufferIndex                                       bssBANK1      00175
_MSDCBWValid                                          bssBANK0      00098
_MSDCheckForErrorCases                                text102       045C8
_MSDCommandState                                      bssBANK0      0009F
_MSDComputeDeviceInAndResidue                         text109       05852
_MSDErrorHandler                                      text103       03F0A
_MSDHostNoData                                        bssBANK0      00099
_MSDProcessCommand                                    text95        03ADA
_MSDProcessCommandMediaAbsent                         text96        06378
_MSDProcessCommandMediaPresent                        text97        0049C
_MSDProcessCommandMediaPresent$2390                   cstackCOMRAM  0003C
_MSDReadHandler                                       text101       02406
_MSDReadState                                         bssBANK0      0009E
_MSDRetryAttempt                                      bssBANK0      0009C
_MSDTasks                                             text94        019BE
_MSDTasks$2372                                        cstackCOMRAM  0004E
_MSDTasks$2373                                        cstackCOMRAM  00050
_MSDTransferTerminated                                text82        066B6
_MSDTransferTerminated$2407                           cstackCOMRAM  0000E
_MSDWriteHandler                                      text98        0121E
_MSDWriteState                                        bssBANK0      0009D
_MSD_State                                            bssBANK0      000A0
_OSCCON                                               (abs)         00FD3
_OSCTUNEbits                                          (abs)         00F9B
_PIE2bits                                             (abs)         00FA0
_PIR2bits                                             (abs)         00FA1
_PORTA                                                (abs)         00F80
_PORTAbits                                            (abs)         00F80
_PORTE                                                (abs)         00F84
_PORTEbits                                            (abs)         00F84
_PPSCONbits                                           (abs)         00EBF
_RPINR21                                              (abs)         00EFC
_RPINR22                                              (abs)         00EFD
_RPOR21                                               (abs)         00ED5
_RPOR23                                               (abs)         00ED7
_RXADDRH                                              (abs)         00F68
_RXADDRL                                              (abs)         00F69
_ReceivedDataBuffer                                   bssBANK2      00240
_RemoteWakeup                                         bssBANK0      000AB
_ResetSenseData                                       text105       063DA
_SSP1ADD                                              (abs)         00FC8
_SSP1BUF                                              (abs)         00FC9
_SSP1CON1bits                                         (abs)         00FC6
_SSP1CON2bits                                         (abs)         00FC5
_SSP1STATbits                                         (abs)         00FC7
_SSP2CON1bits                                         (abs)         00F72
_SSP2STATbits                                         (abs)         00F73
_SYSTEM_Initialize                                    text81        068B6
_SetupPkt                                             (abs)         00D30
_SoftDetach                                           bssBANK0      0009A
_T0CONbits                                            (abs)         00FD5
_TABLAT                                               (abs)         00FF5
_TBLPTR                                               (abs)         00FF6
_TMR0H                                                (abs)         00FD7
_TMR0L                                                (abs)         00FD6
_TRISAbits                                            (abs)         00F92
_TRISBbits                                            (abs)         00F93
_TRISCbits                                            (abs)         00F94
_TRISDbits                                            (abs)         00F95
_TRISEbits                                            (abs)         00F96
_TXADDRH                                              (abs)         00F6A
_TXADDRL                                              (abs)         00F6B
_ToSendDataBuffer                                     bssBANK2      00200
_TransferLength                                       bssBANK0      00087
_UADDR                                                (abs)         00F38
_UCFG                                                 (abs)         00F39
_UCON                                                 (abs)         00F65
_UCONbits                                             (abs)         00F65
_UEIE                                                 (abs)         00F37
_UEIR                                                 (abs)         00F63
_UEP0                                                 (abs)         00F26
_UEP0bits                                             (abs)         00F26
_UEP1                                                 (abs)         00F27
_UIE                                                  (abs)         00F36
_UIEbits                                              (abs)         00F36
_UIR                                                  (abs)         00F62
_UIRbits                                              (abs)         00F62
_USB1msTickCount                                      bssBANK1      00153
_USBActiveConfiguration                               bssBANK0      000B5
_USBAlternateInterface                                bssBANK1      001E7
_USBBusIsSuspended                                    bssBANK0      000AA
_USBCheckHIDRequest                                   text80        044E6
_USBCheckMSDRequest                                   text79        04F0A
_USBCheckMSDRequest$2319                              cstackCOMRAM  0000C
_USBCheckMSDRequest$2320                              cstackCOMRAM  0000E
_USBCheckStdRequest                                   text72        04404
_USBConfigureEndpoint                                 text87        058EE
_USBCtrlEPAllowDataStage                              text71        057B4
_USBCtrlEPAllowStatusStage                            text90        04E46
_USBCtrlEPService                                     text68        051E8
_USBCtrlEPServiceComplete                             text70        04214
_USBCtrlTrfInHandler                                  text91        04D7E
_USBCtrlTrfOutHandler                                 text88        0649C
_USBCtrlTrfRxService                                  text89        039C2
_USBCtrlTrfSetupHandler                               text69        05A16
_USBCtrlTrfTxService                                  text92        04BDC
_USBDeferINDataStagePackets                           bssBANK0      000A3
_USBDeferOUTDataStagePackets                          bssBANK0      000A2
_USBDeferStatusStagePacket                            bssBANK0      000A6
_USBDeviceInit                                        text67        034EE
_USBDeviceState                                       bssCOMRAM     0005F
_USBDeviceTasks                                       text62        02E0A
_USBEnableEndpoint                                    text86        06D3A
_USBInHandle                                          bssBANK1      0016F
_USBIncrement1msInternalTimers                        text66        07184
_USBMSDInHandle                                       bssBANK0      00089
_USBMSDInit                                           text84        03E04
_USBMSDOutHandle                                      bssBANK0      0008B
_USBOutHandle                                         bssBANK1      00171
_USBStallEndpoint                                     text104       03CFC
_USBStallHandler                                      text65        06BB0
_USBStatusStageEnabledFlag1                           bssBANK0      000A5
_USBStatusStageEnabledFlag2                           bssBANK0      000A4
_USBStatusStageTimeoutCounter                         bssBANK0      000A7
_USBStdFeatureReqHandler                              text77        014D6
_USBStdGetDscHandler                                  text76        0363C
_USBStdGetStatusHandler                               text75        05294
_USBStdSetCfgHandler                                  text73        0478A
_USBSuspend                                           text64        06F20
_USBTicksSinceSuspendEnd                              bssBANK0      000A1
_USBTransferOnePacket                                 text188       04112
_USBWakeFromSuspend                                   text63        06DE8
_USB_CD_Ptr                                           mediumconst   08E7B
_USB_SD_Ptr                                           mediumconst   08E51
_USER_USB_CALLBACK_EVENT_HANDLER                      text78        05C52
_USTAT                                                (abs)         00F64
_USTATcopy                                            bssBANK0      000B4
__CFG_ADCSEL$BIT12                                    (abs)         00000
__CFG_CFGPLLEN$ON                                     (abs)         00000
__CFG_CLKOEC$OFF                                      (abs)         00000
__CFG_CP0$OFF                                         (abs)         00000
__CFG_CPUDIV$OSC1                                     (abs)         00000
__CFG_DSBOREN$OFF                                     (abs)         00000
__CFG_DSWDTEN$OFF                                     (abs)         00000
__CFG_DSWDTOSC$T1OSCREF                               (abs)         00000
__CFG_DSWDTPS$8192                                    (abs)         00000
__CFG_FCMEN$OFF                                       (abs)         00000
__CFG_IESO$ON                                         (abs)         00000
__CFG_IOL1WAY$OFF                                     (abs)         00000
__CFG_LS48MHZ$SYS48X8                                 (abs)         00000
__CFG_MSSP7B_EN$MSK7                                  (abs)         00000
__CFG_OSC$HSPLL                                       (abs)         00000
__CFG_PLLDIV$2                                        (abs)         00000
__CFG_RTCOSC$T1OSCREF                                 (abs)         00000
__CFG_SOSCSEL$HIGH                                    (abs)         00000
__CFG_STVREN$ON                                       (abs)         00000
__CFG_WDTEN$ON                                        (abs)         00000
__CFG_WDTPS$512                                       (abs)         00000
__CFG_WPCFG$OFF                                       (abs)         00000
__CFG_WPDIS$OFF                                       (abs)         00000
__CFG_WPEND$PAGE_0                                    (abs)         00000
__CFG_WPFP$PAGE_1                                     (abs)         00000
__CFG_XINST$OFF                                       (abs)         00000
__HRAM                                                (abs)         00000
__Habs1                                               abs1          00000
__Hbank0                                              bank0         00000
__Hbank1                                              bank1         00000
__Hbank10                                             bank10        00000
__Hbank11                                             bank11        00000
__Hbank12                                             bank12        00000
__Hbank13                                             bank13        00000
__Hbank14                                             bank14        00000
__Hbank2                                              bank2         00000
__Hbank3                                              bank3         00000
__Hbank4                                              bank4         00000
__Hbank5                                              bank5         00000
__Hbank6                                              bank6         00000
__Hbank7                                              bank7         00000
__Hbank8                                              bank8         00000
__Hbank9                                              bank9         00000
__Hbigbss                                             bigbss        00000
__Hbigdata                                            bigdata       00000
__Hbigram                                             bigram        00000
__Hbss                                                bss           00000
__HbssBANK0                                           bssBANK0      00000
__HbssBANK1                                           bssBANK1      00000
__HbssBANK2                                           bssBANK2      00000
__HbssBIGRAMlh                                        bssBIGRAMlh   00000
__HbssBIGRAMll                                        bssBIGRAMll   00000
__HbssCOMRAM                                          bssCOMRAM     00000
__Hcinit                                              cinit         00000
__Hclrtext                                            clrtext       00000
__Hcomram                                             comram        00000
__Hconfig                                             config        20000
__Hconst                                              const         00000
__HcstackBANK0                                        cstackBANK0   00000
__HcstackCOMRAM                                       cstackCOMRAM  00000
__Hdata                                               data          00000
__HdataBANK0                                          dataBANK0     00000
__HdataBANK1                                          dataBANK1     00000
__HdataBANK2                                          dataBANK2     00000
__Hfarbss                                             farbss        00000
__Hfardata                                            fardata       00000
__Hibigdata                                           ibigdata      00000
__Hidata                                              idata         00000
__HidataBANK0                                         idataBANK0    00000
__HidataBANK1                                         idataBANK1    00000
__HidataBANK2                                         idataBANK2    00000
__Hidloc                                              idloc         00000
__Hifardata                                           ifardata      00000
__Hinit                                               init          00020
__Hintcode                                            intcode       0000C
__Hintcode_body                                       intcode_body  00000
__Hintcodelo                                          intcodelo     0001C
__Hintentry                                           intentry      00000
__Hintret                                             intret        00000
__Hintsave_regs                                       intsave_regs  00000
__Hirdata                                             irdata        00000
__Hjflash_buffer                                      jflash_buffer 1F800
__Hmediumconst                                        mediumconst   09000
__HnvFARRAM                                           nvFARRAM      00000
__Hnvbit                                              nvbit         00000
__Hnvrram                                             nvrram        00000
__Hparam                                              rparam        00000
__Hpowerup                                            powerup       0001C
__Hram                                                ram           00000
__Hramtop                                             ramtop        00F00
__Hrbit                                               rbit          00000
__Hrbss                                               rbss          00000
__Hrdata                                              rdata         00000
__Hreset_vec                                          reset_vec     00004
__Hrparam                                             rparam        00000
__Hsfr                                                sfr           00000
__Hsmallconst                                         smallconst    00000
__Hspace_0                                            (abs)         20000
__Hspace_1                                            (abs)         00C00
__Hspace_2                                            (abs)         00000
__Hstack                                              stack         00000
__Hstruct                                             struct        00000
__Htemp                                               temp          00000
__Htext                                               text          00000
__Htext0                                              text0         00000
__Htext1                                              text1         00000
__Htext10                                             text10        00000
__Htext100                                            text100       00000
__Htext101                                            text101       00000
__Htext102                                            text102       00000
__Htext103                                            text103       00000
__Htext104                                            text104       00000
__Htext105                                            text105       00000
__Htext106                                            text106       00000
__Htext107                                            text107       00000
__Htext108                                            text108       00000
__Htext109                                            text109       00000
__Htext11                                             text11        00000
__Htext110                                            text110       00000
__Htext111                                            text111       00000
__Htext112                                            text112       00000
__Htext113                                            text113       00000
__Htext114                                            text114       00000
__Htext115                                            text115       00000
__Htext116                                            text116       00000
__Htext117                                            text117       00000
__Htext118                                            text118       00000
__Htext119                                            text119       00000
__Htext12                                             text12        00000
__Htext120                                            text120       00000
__Htext121                                            text121       00000
__Htext122                                            text122       00000
__Htext123                                            text123       00000
__Htext124                                            text124       00000
__Htext125                                            text125       00000
__Htext126                                            text126       00000
__Htext127                                            text127       00000
__Htext128                                            text128       00000
__Htext129                                            text129       00000
__Htext13                                             text13        00000
__Htext130                                            text130       00000
__Htext131                                            text131       00000
__Htext132                                            text132       00000
__Htext133                                            text133       00000
__Htext134                                            text134       00000
__Htext135                                            text135       00000
__Htext136                                            text136       00000
__Htext137                                            text137       00000
__Htext138                                            text138       00000
__Htext139                                            text139       00000
__Htext14                                             text14        00000
__Htext140                                            text140       00000
__Htext141                                            text141       00000
__Htext142                                            text142       00000
__Htext143                                            text143       00000
__Htext144                                            text144       00000
__Htext145                                            text145       00000
__Htext146                                            text146       00000
__Htext147                                            text147       00000
__Htext148                                            text148       00000
__Htext149                                            text149       00000
__Htext15                                             text15        00000
__Htext150                                            text150       00000
__Htext151                                            text151       00000
__Htext152                                            text152       00000
__Htext153                                            text153       00000
__Htext154                                            text154       00000
__Htext155                                            text155       00000
__Htext156                                            text156       00000
__Htext157                                            text157       00000
__Htext158                                            text158       00000
__Htext159                                            text159       00000
__Htext16                                             text16        00000
__Htext160                                            text160       00000
__Htext161                                            text161       00000
__Htext162                                            text162       00000
__Htext163                                            text163       00000
__Htext164                                            text164       00000
__Htext165                                            text165       00000
__Htext166                                            text166       00000
__Htext167                                            text167       00000
__Htext168                                            text168       00000
__Htext169                                            text169       00000
__Htext17                                             text17        00000
__Htext170                                            text170       00000
__Htext171                                            text171       00000
__Htext172                                            text172       00000
__Htext173                                            text173       00000
__Htext174                                            text174       00000
__Htext175                                            text175       00000
__Htext176                                            text176       00000
__Htext177                                            text177       00000
__Htext178                                            text178       00000
__Htext179                                            text179       00000
__Htext18                                             text18        00000
__Htext180                                            text180       00000
__Htext181                                            text181       00000
__Htext182                                            text182       00000
__Htext183                                            text183       00000
__Htext184                                            text184       00000
__Htext185                                            text185       00000
__Htext186                                            text186       00000
__Htext187                                            text187       00000
__Htext188                                            text188       00000
__Htext189                                            text189       00000
__Htext19                                             text19        00000
__Htext2                                              text2         00000
__Htext20                                             text20        00000
__Htext21                                             text21        00000
__Htext22                                             text22        00000
__Htext23                                             text23        00000
__Htext24                                             text24        00000
__Htext25                                             text25        00000
__Htext26                                             text26        00000
__Htext27                                             text27        00000
__Htext28                                             text28        00000
__Htext29                                             text29        00000
__Htext3                                              text3         00000
__Htext30                                             text30        00000
__Htext31                                             text31        00000
__Htext32                                             text32        00000
__Htext33                                             text33        00000
__Htext34                                             text34        00000
__Htext35                                             text35        00000
__Htext36                                             text36        00000
__Htext37                                             text37        00000
__Htext38                                             text38        00000
__Htext39                                             text39        00000
__Htext4                                              text4         00000
__Htext40                                             text40        00000
__Htext41                                             text41        00000
__Htext42                                             text42        00000
__Htext43                                             text43        00000
__Htext44                                             text44        00000
__Htext45                                             text45        00000
__Htext46                                             text46        00000
__Htext47                                             text47        00000
__Htext48                                             text48        00000
__Htext49                                             text49        00000
__Htext5                                              text5         00000
__Htext50                                             text50        00000
__Htext51                                             text51        00000
__Htext52                                             text52        00000
__Htext53                                             text53        00000
__Htext54                                             text54        00000
__Htext55                                             text55        00000
__Htext56                                             text56        00000
__Htext57                                             text57        00000
__Htext58                                             text58        00000
__Htext59                                             text59        00000
__Htext6                                              text6         00000
__Htext60                                             text60        00000
__Htext61                                             text61        00000
__Htext62                                             text62        00000
__Htext63                                             text63        00000
[...]
 Return value:  Size  Location     Type
                  1    wreg      unsigned char 
 Registers used:
		wreg, status,2, status,0
 Tracked objects:
		On entry : 
		On exit  : 
		Unchanged: 
 Data sizes:     COMRAM   BANK0   BANK1   BANK2   BANK3   BANK4   BANK5   BANK8   BANK9  BANK10  BANK11  BANK12 BANK13h BANK13l  BANK14
      Params:         2       0       0       0       0       0       0       0       0       0       0       0       0       0       0
      Locals:         0       0       0       0       0       0       0       0       0       0       0       0       0       0       0
      Temps:          2       0       0       0       0       0       0       0       0       0       0       0       0       0       0
      Totals:         4       0       0       0       0       0       0       0       0       0       0       0       0       0       0
Total ram usage:        4 bytes
 Hardware stack levels used:    1
 This function calls:
		Nothing
 This function is called by:
		_fat_format
 This function uses a non-reentrant model


 *************** function __get_data *****************
 Defined at:
		line 1283 in file "fat16.c"
 Parameters:    Size  Location     Type
  idx             2    0[COMRAM] unsigned int 
 Auto vars:     Size  Location     Type
		None
 Return value:  Size  Location     Type
                  1    wreg      unsigned char 
 Registers used:
		wreg, status,2, status,0, tblptrl, tblptrh, tblptru
 Tracked objects:
		On entry : 
		On exit  : 
		Unchanged: 
 Data sizes:     COMRAM   BANK0   BANK1   BANK2   BANK3   BANK4   BANK5   BANK8   BANK9  BANK10  BANK11  BANK12 BANK13h BANK13l  BANK14
      Params:         2       0       0       0       0       0       0       0       0       0       0       0       0       0       0
      Locals:         0       0       0       0       0       0       0       0       0       0       0       0       0       0       0
      Temps:          0       0       0       0       0       0       0       0       0       0       0       0       0       0       0
      Totals:         2       0       0       0       0       0       0       0       0       0       0       0       0       0       0
Total ram usage:        2 bytes
 Hardware stack levels used:    1
 This function calls:
		Nothing
 This function is called by:
		_fat_format
 This function uses a non-reentrant model


 *************** function _USBTransferOnePacket *****************
 Defined at:
		line 995 in file "usb_device.c"
 Parameters:    Size  Location     Type
  ep              1    wreg     unsigned char 
  dir             1    0[COMRAM] unsigned char 
  data            2    1[COMRAM] PTR unsigned char 
		 -> ToSendDataBuffer(64), ReceivedDataBuffer(64), msd_buffer(512), msd_csw(13), 
		 -> msd_cbw(31), NULL(0), 
  len             1    3[COMRAM] unsigned char 
 Auto vars:     Size  Location     Type
  ep              1    8[COMRAM] unsigned char 
  handle          2    9[COMRAM] PTR volatile struct __BD
		 -> RAM(3759), NULL(0), BDT(48), 
 Return value:  Size  Location     Type
                  2    0[COMRAM] PTR void 
 Registers used:
		wreg, fsr2l, fsr2h, status,2, status,0, prodl, prodh
 Tracked objects:
		On entry : 
		On exit  : 
		Unchanged: 
 Data sizes:     COMRAM   BANK0   BANK1   BANK2   BANK3   BANK4   BANK5   BANK8   BANK9  BANK10  BANK11  BANK12 BANK13h BANK13l  BANK14
      Params:         4       0       0       0       0       0       0       0       0       0       0       0       0       0       0
      Locals:         3       0       0       0       0       0       0       0       0       0       0       0       0       0       0
      Temps:          4       0       0       0       0       0       0       0       0       0       0       0       0       0       0
      Totals:        11       0       0       0       0       0       0       0       0       0       0       0       0       0       0
Total ram usage:       11 bytes
 Hardware stack levels used:    1
 This function calls:
		Nothing
 This function is called by:
		_USBMSDInit
		_USBCheckMSDRequest
		_MSDTasks
		_MSDProcessCommandMediaPresent
		_MSDReadHandler
		_MSDWriteHandler
		_MSDTransferTerminated
		_APP_DeviceCustomHIDInitialize
		_APP_DeviceCustomHIDTasks
 This function uses a non-reentrant model



MODULE INFORMATION

Module		Function		Class		Link	Load	Size
usb_device_hid.c
		_USBCheckHIDRequest		CODE           	44E6	0000	227

usb_device_hid.c estimated size: 227

C:\Program Files (x86)\Microchip\xc8\v2.00\pic\sources\c90\common\lwmod.c
		___lwmod       		CODE           	6CBC	0000	67

C:\Program Files (x86)\Microchip\xc8\v2.00\pic\sources\c90\common\lwmod.c estimated size: 67

C:\Program Files (x86)\Microchip\xc8\v2.00\pic\sources\c90\common\strncmp.c
		_strncmp       		CODE           	5CD8	0000	133

C:\Program Files (x86)\Microchip\xc8\v2.00\pic\sources\c90\common\strncmp.c estimated size: 133

C:\Program Files (x86)\Microchip\xc8\v2.00\pic\sources\c90\common\llmod.c
		___llmod       		CODE           	62B0	0000	103

C:\Program Files (x86)\Microchip\xc8\v2.00\pic\sources\c90\common\llmod.c estimated size: 103

C:\Program Files (x86)\Microchip\xc8\v2.00\pic\sources\c90\common\memcpy.c
		_memcpy        		CODE           	624A	0000	103

C:\Program Files (x86)\Microchip\xc8\v2.00\pic\sources\c90\common\memcpy.c estimated size: 103

C:\Program Files (x86)\Microchip\xc8\v2.00\pic\sources\c90\common\Umul16.c
		___wmul        		CODE           	7114	0000	39

C:\Program Files (x86)\Microchip\xc8\v2.00\pic\sources\c90\common\Umul16.c estimated size: 39

i2c.c
		__i2c_read     		CODE           	5B3A	0000	141
		_i2c_display_write_fixed		CODE           	695C	0000	81
		__i2c_not_acknowledge		CODE           	740E	0000	11
		__ic2_display_set_ddram_address		CODE           	7208	0000	33
		__i2c_get      		CODE           	7418	0000	11
		__ic2_display_set_cgram_address		CODE           	707C	0000	39
		__i2c_wait_idle		CODE           	6558	0000	89
		_i2c_display_init		CODE           	6A92	0000	73
		__i2c_send     		CODE           	7482	0000	9
		_i2c_display_program_custom_character		CODE           	5F48	0000	117
		__i2c_stop     		CODE           	7472	0000	9
		__i2c_write    		CODE           	6B22	0000	73
		__i2c_start    		CODE           	747A	0000	9
		__i2c_eeprom_busy		CODE           	713A	0000	39
		_i2c_init      		CODE           	7262	0000	29
		_i2c_eeprom_readByte		CODE           	6862	0000	85
		__i2c_acknowledge		CODE           	7422	0000	11
		_i2c_display_cursor		CODE           	7228	0000	31
		_i2c_eeprom_writeByte		CODE           	6BF4	0000	69

i2c.c estimated size: 959

app_device_msd.c
		_APP_DeviceMSDInitialize		CODE           	73CC	0000	17
		_APP_DeviceMSDTasks		CODE           	7386	0000	19

app_device_msd.c estimated size: 36

C:\Program Files (x86)\Microchip\xc8\v2.00\pic\sources\c90\common\itoa.c
		_itoa          		CODE           	6C7A	0000	67
		_utoa          		CODE           	5532	0000	165

C:\Program Files (x86)\Microchip\xc8\v2.00\pic\sources\c90\common\itoa.c estimated size: 232

api.c
		__fill_buffer_get_status		CODE           	4010	0000	259
		_api_prepare   		CODE           	486A	0000	223
		_api_parse     		CODE           	389E	0000	293
		__fill_buffer_get_bootloader_details		CODE           	203C	0000	495
		__parse_command_long		CODE           	6D76	0000	59
		__parse_format_drive		CODE           	533E	0000	171
		__fill_buffer_get_display		CODE           	5084	0000	181
		__parse_command_short		CODE           	5AA8	0000	147

api.c estimated size: 1828

C:\Program Files (x86)\Microchip\xc8\v2.00\pic\sources\c90\common\__lldiv.c
		___lldiv       		CODE           	5D5C	0000	131

C:\Program Files (x86)\Microchip\xc8\v2.00\pic\sources\c90\common\__lldiv.c estimated size: 131

C:\Program Files (x86)\Microchip\xc8\v2.00\pic\sources\c90\common\lwdiv.c
		___lwdiv       		CODE           	690A	0000	83

C:\Program Files (x86)\Microchip\xc8\v2.00\pic\sources\c90\common\lwdiv.c estimated size: 83

ui.c
		_ui_get_status 		CODE           	74A2	0000	7
		_ui_run        		CODE           	3BEC	0000	273
		_ui_init       		CODE           	7374	0000	19
		__ui_encoder   		CODE           	2B18	0000	379

ui.c estimated size: 678

bootloader.c
		_bootloader_run		CODE           	61E2	0000	105
		_bootloader_get_error		CODE           	74A8	0000	7
		__bootloader_program		CODE           	085A	0000	949
		_bootloader_get_rec_data		CODE           	734A	0000	23
		_bootloader_get_flashPagesWritten		CODE           	745E	0000	11
		_bootloader_get_rec_dataLength		CODE           	7440	0000	11
		_bootloader_get_entries		CODE           	7454	0000	11
		__bootloader_verify_file		CODE           	0C0E	0000	799
		__bootloader_find_file		CODE           	55D6	0000	161
		_bootloader_get_rec_checksum		CODE           	749C	0000	7
		_bootloader_get_rec_checksumCheck		CODE           	7496	0000	7
		_bootloader_get_rec_address		CODE           	744A	0000	11
		_bootloader_get_file_size		CODE           	73AA	0000	19
		_bootloader_get_total_entries		CODE           	7468	0000	11
		__bootloader_check_address		CODE           	4B02	0000	219
		_bootloader_get_rec_recordType		CODE           	7490	0000	7

bootloader.c estimated size: 2358

spi.c
		_spi_init      		CODE           	6CFE	0000	61
		__spi_init     		CODE           	6DB0	0000	57
		_spi_tx        		CODE           	6608	0000	89
		_spi_tx_rx     		CODE           	5982	0000	149
		_spi_tx_tx     		CODE           	5BC6	0000	141

spi.c estimated size: 497

app_device_custom_hid.c
		_APP_DeviceCustomHIDTasks		CODE           	5676	0000	161
		_APP_DeviceCustomHIDInitialize		CODE           	6E56	0000	53

app_device_custom_hid.c estimated size: 214

shared
		_verify_line1  		MEDIUMCONST    	8D90	0000	17
		_verify_line2  		MEDIUMCONST    	8E18	0000	14
		_verify_line3  		MEDIUMCONST    	8E60	0000	8
		_configDescriptor1		MEDIUMCONST    	8E7F	0000	65
		_inq_resp      		MEDIUMCONST    	8F21	0000	37
		_USB_CD_Ptr    		MEDIUMCONST    	8E7B	0000	3
		_sd001         		MEDIUMCONST    	8EBF	0000	53
		_failed_line1  		MEDIUMCONST    	8D70	0000	17
		_failed_line2  		MEDIUMCONST    	8CBA	0000	19
		_failed_line4  		MEDIUMCONST    	8E41	0000	9
		_bit_pattern_ae		MEDIUMCONST    	8FA7	0000	9
		_sd002         		MEDIUMCONST    	8EF3	0000	47
		_found_line1   		MEDIUMCONST    	8DA0	0000	17
		_found_line2   		MEDIUMCONST    	8C95	0000	20
		_found_line3   		MEDIUMCONST    	8E6E	0000	8
		_found_line4   		MEDIUMCONST    	8CCC	0000	19
		_bit_pattern_oe		MEDIUMCONST    	8F97	0000	9
		_bit_pattern_ue		MEDIUMCONST    	8F9F	0000	9
		_checked_line1 		MEDIUMCONST    	8D80	0000	17
		_checked_line2 		MEDIUMCONST    	8C45	0000	22
		_checked_line3 		MEDIUMCONST    	8E49	0000	9
		_checked_line4 		MEDIUMCONST    	8CDE	0000	18
		_found_line3b  		MEDIUMCONST    	8E67	0000	8
		_failed_line3_checksum		MEDIUMCONST    	8DD0	0000	16
		_failed_line3_startCode		MEDIUMCONST    	8C82	0000	20
		_bit_pattern_degree		MEDIUMCONST    	8FAF	0000	9
		_failed_line3_dataTooLong		MEDIUMCONST    	8DFD	0000	15
		_sd003         		MEDIUMCONST    	8F62	0000	27
		__initialization		CODE           	53E8	0000	161
		_bit_pattern_verticalbar		MEDIUMCONST    	8FB7	0000	9
		_device_dsc    		MEDIUMCONST    	8F7C	0000	19
		_failed_line3_addressRange		MEDIUMCONST    	8C5A	0000	21
		_bootloader_filename		MEDIUMCONST    	8F8E	0000	10
		_reboot_line1  		MEDIUMCONST    	8E0B	0000	14
		_bootloader_extension		MEDIUMCONST    	8FC7	0000	5
		_flash_command_pagesize_512		MEDIUMCONST    	8FC3	0000	5
		_flash_command_pagesize_528		MEDIUMCONST    	8FBF	0000	5
		_search_line1  		MEDIUMCONST    	8DB0	0000	17
		_search_line2  		MEDIUMCONST    	8CEF	0000	18
		_search_line3  		MEDIUMCONST    	8C6E	0000	21
		_search_line4  		MEDIUMCONST    	8E2F	0000	10
		_failed_line3_noNextRecord		MEDIUMCONST    	8DDF	0000	16
		_done_line1    		MEDIUMCONST    	8D40	0000	17
		_done_line2    		MEDIUMCONST    	8E75	0000	7
		_done_line3    		MEDIUMCONST    	8D30	0000	17
		_done_line4    		MEDIUMCONST    	8D20	0000	17
		_start_line1   		MEDIUMCONST    	8DC0	0000	17
		_start_line2   		MEDIUMCONST    	8E38	0000	10
		_start_line3   		MEDIUMCONST    	8E7E	0000	2
		_start_line4   		MEDIUMCONST    	8DEE	0000	16
		_suspended_line1		MEDIUMCONST    	8D10	0000	17
		_USB_SD_Ptr    		MEDIUMCONST    	8E51	0000	9
		_suspended_line2		MEDIUMCONST    	8E25	0000	11
		_suspended_line3		MEDIUMCONST    	8E7D	0000	2
		_suspended_line4		MEDIUMCONST    	8D00	0000	17
		_hid_rpt01     		MEDIUMCONST    	8F45	0000	30
		_sd000         		MEDIUMCONST    	8FCB	0000	5
		_programming_line1		MEDIUMCONST    	8D60	0000	17
		_programming_line2		MEDIUMCONST    	8CA8	0000	19
		_programming_line3		MEDIUMCONST    	8E59	0000	8
		_programming_line4		MEDIUMCONST    	8D50	0000	17

shared estimated size: 1127

flash.c
		__flash_wakeup 		CODE           	6762	0000	87
		_flash_init    		CODE           	73DC	0000	15
		_flash_sector_read		CODE           	70EE	0000	39
		_flash_partial_read		CODE           	70A2	0000	39
		__flash_is_busy		CODE           	71A6	0000	35
		_flash_is_busy 		CODE           	7436	0000	11
		__flash_write_to_buffer		CODE           	69AC	0000	81
		__flash_get_status		CODE           	6EEE	0000	51
		__flash_set_page_size		CODE           	5DDE	0000	123
		__flash_write_page_from_buffer		CODE           	65B0	0000	89
		__flash_compare_page_to_buffer		CODE           	5ED0	0000	121
		__flash_partial_read		CODE           	5E58	0000	121
		_flash_sector_write		CODE           	6A48	0000	75

flash.c estimated size: 887

os.c
		_reboot        		CODE           	72EA	0000	27
		_system_full_init		CODE           	680E	0000	85
		_system_encoder_enable		CODE           	7246	0000	29
		__system_encoder_init		CODE           	71E8	0000	33
		_timer_pseudo_isr		CODE           	4314	0000	241
		_system_minimal_init_undo		CODE           	73F8	0000	13
		_system_minimal_init		CODE           	7334	0000	23
		_system_delay_ms		CODE           	7160	0000	37
		__system_timer0_init		CODE           	71C8	0000	33
		_jump_to_main_program		CODE           	748A	0000	7

os.c estimated size: 528

usb_device.c
		_USBCtrlTrfInHandler		CODE           	4D7E	0000	201
		_USBTransferOnePacket		CODE           	4112	0000	259
		_USBStdGetDscHandler		CODE           	363C	0000	315
		_USBCtrlEPAllowDataStage		CODE           	57B4	0000	159
		_USBStdFeatureReqHandler		CODE           	14D6	0000	645
		_USBCtrlEPAllowStatusStage		CODE           	4E46	0000	197
		_USBCtrlTrfSetupHandler		CODE           	5A16	0000	147
		_USBCtrlTrfOutHandler		CODE           	649C	0000	97
		_USBCtrlEPServiceComplete		CODE           	4214	0000	257
		_USBSuspend    		CODE           	6F20	0000	49
		_USBStdSetCfgHandler		CODE           	478A	0000	225
		_USBStdGetStatusHandler		CODE           	5294	0000	171
		_USBWakeFromSuspend		CODE           	6DE8	0000	57
		_USBStallEndpoint		CODE           	3CFC	0000	265
		_USBCtrlTrfRxService		CODE           	39C2	0000	281
		_USBCtrlTrfTxService		CODE           	4BDC	0000	213
		_USBEnableEndpoint		CODE           	6D3A	0000	61
		_USBConfigureEndpoint		CODE           	58EE	0000	149
		_USBDeviceInit 		CODE           	34EE	0000	335
		_USBIncrement1msInternalTimers		CODE           	7184	0000	35
		_USBCtrlEPService		CODE           	51E8	0000	173
		_USBStallHandler		CODE           	6BB0	0000	69
		_USBDeviceTasks		CODE           	2E0A	0000	375
		_USBCheckStdRequest		CODE           	4404	0000	227

usb_device.c estimated size: 4962

display.c
		__display_found		CODE           	222A	0000	477
		__display_clear		CODE           	6ADA	0000	73
		__display_start		CODE           	25E0	0000	473
		__display_suspended		CODE           	324A	0000	339
		__display_itoa_u32		CODE           	30F2	0000	345
		__display_itoa_u16		CODE           	5138	0000	177
		_display_init  		CODE           	69FC	0000	77
		__display_failed		CODE           	0F2C	0000	755
		__display_search		CODE           	339C	0000	339
		__display_rebooting		CODE           	670C	0000	87
		__display_verify		CODE           	3776	0000	297
		_display_update		CODE           	6178	0000	107
		_display_prepare		CODE           	4948	0000	223
		_display_get_character		CODE           	7002	0000	43
		__display_checked		CODE           	2C92	0000	377
		__display_done 		CODE           	2F80	0000	371
		__display_programming		CODE           	27B8	0000	459

display.c estimated size: 5019

usb_events.c
		_USER_USB_CALLBACK_EVENT_HANDLER		CODE           	5C52	0000	135

usb_events.c estimated size: 135

hex.c
		_hexCharToUint8		CODE           	6F7E	0000	45
		_parseHexFileEntry		CODE           	0020	0000	1149
		_hexCharsToUint8		CODE           	727E	0000	29
		_hexCharsToUint16		CODE           	602E	0000	113

hex.c estimated size: 1336

C:\Program Files (x86)\Microchip\xc8\v2.00\pic\sources\c90\common\memset.c
		_memset        		CODE           	6FD6	0000	45

C:\Program Files (x86)\Microchip\xc8\v2.00\pic\sources\c90\common\memset.c estimated size: 45

internal_flash.c
		_internalFlash_pageFromAddress		CODE           	729A	0000	29
		_internalFlash_writePage		CODE           	4FCC	0000	185
		_internalFlash_addressFromPage		CODE           	6F50	0000	47
		_internalFlash_getBuffer		CODE           	7404	0000	11
		_internalFlash_addressWithinPage		CODE           	643C	0000	97
		_internalFlash_read		CODE           	6E20	0000	55
		__internalFlash_unlockAndActivate		CODE           	702C	0000	41
		_internalFlash_erasePage		CODE           	610C	0000	109
		_internalFlash_readPage		CODE           	6C38	0000	67

internal_flash.c estimated size: 641

main.c
		_main          		CODE           	4A26	0000	221
		__normal_mode  		CODE           	64FC	0000	93

main.c estimated size: 314

fat16.c
		__fat_sector_from_cluster		CODE           	7304	0000	25
		__get_data     		CODE           	7054	0000	41
		__root_is_available		CODE           	6316	0000	99
		__find_nth_cluster		CODE           	5716	0000	159
		__read_fat     		CODE           	6660	0000	87
		__data_sector_from_cluster		CODE           	73EA	0000	15
		__fat_offset_from_cluster		CODE           	731C	0000	25
		__read_value_from_offset		CODE           	6B6A	0000	71
		__get_fbr      		CODE           	175A	0000	613
		_fat_init      		CODE           	73BC	0000	17
		__get_root     		CODE           	2982	0000	407
		_fat_format    		CODE           	1E3C	0000	513
		__get_fat      		CODE           	67B8	0000	87
		_fat_read_from_file_fast		CODE           	1C16	0000	551
		__get_mbr      		CODE           	4CB0	0000	207
		_fat_find_file 		CODE           	46AA	0000	225
		_fat_get_file_information		CODE           	5FBC	0000	115
		__offset_from_file_number		CODE           	70C8	0000	39
		_fat_get_file_size		CODE           	609E	0000	111
		__sector_from_file_number		CODE           	6FAA	0000	45
		_fat_get_format_status		CODE           	548E	0000	165

fat16.c estimated size: 3617

external_flash.c
		_ExternalFlash_MediaInitialize		CODE           	72D0	0000	27
		_ExternalFlash_WriteProtectStateGet		CODE           	74AE	0000	5
		_ExternalFlash_MediaDetect		CODE           	74B2	0000	5
		_ExternalFlash_CapacityRead		CODE           	7398	0000	19
		_ExternalFlash_SectorSizeRead		CODE           	742C	0000	11
		_ExternalFlash_SectorWrite		CODE           	6E8A	0000	51
		_ExternalFlash_SectorRead		CODE           	6EBC	0000	51

external_flash.c estimated size: 169

system.c
		_SYSTEM_Initialize		CODE           	68B6	0000	85

system.c estimated size: 85

usb_device_msd.c
		_ResetSenseData		CODE           	63DA	0000	99
		_USBMSDInit    		CODE           	3E04	0000	263
		_MSDWriteHandler		CODE           	121E	0000	697
		_MSDErrorHandler		CODE           	3F0A	0000	263
		_MSDProcessCommandMediaAbsent		CODE           	6378	0000	99
		_MSDComputeDeviceInAndResidue		CODE           	5852	0000	157
		_MSDReadHandler		CODE           	2406	0000	475
		_MSDCheckForErrorCases		CODE           	45C8	0000	227
		_MSDProcessCommand		CODE           	3ADA	0000	275
		_MSDTasks      		CODE           	19BE	0000	601
		_MSDTransferTerminated		CODE           	66B6	0000	87
		_MSDProcessCommandMediaPresent		CODE           	049C	0000	959
		_USBCheckMSDRequest		CODE           	4F0A	0000	195

usb_device_msd.c estimated size: 4397

