Microchip MPLAB XC8 Compiler V2.00 ()

Linker command line:

-W-3 --edf=C:\Program Files (x86)\Microchip\xc8\v2.00\pic\dat\en_msgs.txt \
  -cs -h+dist/default/production\USB_Bootloader_RotaryTable.production.sym \
  --cmf=dist/default/production\USB_Bootloader_RotaryTable.production.cmf \
  -z -Q18F47J53 -oC:\Users\luke\AppData\Local\Temp\s1i4.2 \
  --defsym=__MPLAB_BUILD=1 \
  -Mdist/default/production/USB_Bootloader_RotaryTable.production.map -E1 \
  -ver=XC8 --acfsm=1493 -ASTACK=04C3h-05ffh -pstack=STACK -ACODE=00h-08FFFh \
  -ACONST=00h-08FFFh -ASMALLCONST=0F00h-0FFFhx129 \
  -AMEDIUMCONST=0F00h-08FFFh -ACOMRAM=01h-05Fh -AABS1=00h-0EAFh \
  -ABIGRAM=01h-0EAFh -ARAM=060h-0FFh,0100h-01FFhx13,0E00h-0EAFh \
  -ABANK0=060h-0FFh -ABANK1=0100h-01FFh -ABANK2=0200h-02FFh \
  -ABANK3=0300h-03FFh -ABANK4=0400h-04FFh -ABANK5=0500h-05FFh \
  -ABANK6=0600h-06FFh -ABANK7=0700h-07FFh -ABANK8=0800h-08FFh \
  -ABANK9=0900h-09FFh -ABANK10=0A00h-0AFFh -ABANK11=0B00h-0BFFh \
  -ABANK12=0C00h-0CFFh -ABANK13=0D00h-0DFFh -ABANK14=0E00h-0EAFh \
  -ASFR=0EB0h-0EFFh,0F00h-0F5Fh,0F60h-0FFFh \
  -preset_vec=00h,intcode=08h,intcodelo=018h,powerup,init -pramtop=0F00h \
  -psmallconst=SMALLCONST -pmediumconst=MEDIUMCONST -pconst=CONST \
  -AFARRAM=00h-00h -ACONFIG=01FFF8h-01FFFFh -pconfig=CONFIG \
  -pjflash_buffer=01F800h \
  -prdata=COMRAM,nvrram=COMRAM,nvbit=COMRAM,rbss=COMRAM,rbit=COMRAM \
  -pfarbss=FARRAM,fardata=FARRAM,nvFARRAM=FARRAM \
  -pintsave_regs=BIGRAM,bigbss=BIGRAM,bigdata=BIGRAM -pbss=RAM \
  -pidata=CODE,irdata=CODE,ibigdata=CODE,ifardata=CODE -prparam=COMRAM \
  C:\Users\luke\AppData\Local\Temp\s1i4.o \
  dist/default/production\USB_Bootloader_RotaryTable.production.o 

Object code version is 3.11

Machine type is 18F47J53

Call graph: (short form)




                Name                               Link     Load   Length Selector   Space Scale
C:\Users\luke\AppData\Local\Temp\s1i4.o
                init                                 1C       1C        4        C       0
                reset_vec                             0        0        4        0       0
                config                            1FFF8    1FFF8        8    1FFF8       0
dist/default/production\USB_Bootloader_RotaryTable.production.o
                intcodelo                            18       18        4        C       0
                intcode                               8        8        4        4       0
                mediumconst                        8C6C     8C6C      394     4636       0
                text187                            3D88     3D88      102        C       0
                text186                            6E5E     6E5E       28        C       0
                text185                            65F8     65F8       56        C       0
                text184                            175A     175A      264        C       0
                text183                            4B12     4B12       CE        C       0
                text182                            2984     2984      196        C       0
                text181                            57E4     57E4       94        C       0
                text180                            6CA0     6CA0       32        C       0
                text179                            63F2     63F2       58        C       0
                text178                            65A2     65A2       56        C       0
                text177                            6FAE     6FAE       22        C       0
                text176                            5D32     5D32       78        C       0
                text175                            639A     639A       58        C       0
                text174                            5A28     5A28       8C        C       0
                text173                            6744     6744       50        C       0
                text172                            6794     6794       4A        C       0
                text171                            1E3C     1E3C      200        C       0
                text170                            51A0     51A0       AA        C       0
                text169                            6AF4     6AF4       3A        C       0
                text168                            722A     722A        8     389D       0
                text167                            7222     7222        8     389D       0
                text166                            721A     721A        8     389D       0
                text165                            6342     6342       58        C       0
                text164                            6826     6826       48        C       0
                text163                            6DE0     6DE0       2C        C       0
                text162                            6A02     6A02       40        C       0
                text161                            66A2     66A2       52        C       0
                text160                            69C0     69C0       42        C       0
                text159                            5394     5394       A4        C       0
                text158                            697E     697E       42        C       0
                text157                            4F9A     4F9A       B0        C       0
                text156                            7210     7210        A     389D       0
                text155                            2B1A     2B1A      178        C       0
                text154                            67DE     67DE       48        C       0
                text153                            7206     7206        A     389D       0
                text152                            2E08     2E08      172        C       0
                text151                            5BBE     5BBE       82        C       0
                text150                            609E     609E       66        C       0
                text149                            6F1E     6F1E       26        C       0
                text148                            2F7A     2F7A      158        C       0
                text147                            71FC     71FC        A     389D       0
                text146                            7250     7250        6     389D       0
                text145                            71F2     71F2        A     389D       0
                text144                             F2C      F2C      2F2        C       0
                text143                            7116     7116       12        C       0
                text142                            222A     222A      1DE        C       0
                text141                            27BA     27BA      1CA        C       0
                text140                            654C     654C       56        C       0
                text139                            3224     3224      152        C       0
                text138                            25E2     25E2      1D8        C       0
                text137                            30D2     30D2      152        C       0
                text136                            35FE     35FE      128        C       0
                text135                            47AA     47AA       DE        C       0
                text134                            6EF8     6EF8       26        C       0
                text133                            6F68     6F68       24        C       0
                text132                            64F6     64F6       56        C       0
                text131                            5F66     5F66       6A        C       0
                text130                            724A     724A        6     389D       0
                text129                            7042     7042       1A        C       0
                text128                            6F44     6F44       24        C       0
                text127                            590A     590A       92        C       0
                text126                            3726     3726      124        C       0
                text125                            7244     7244        6     389D       0
                text124                            723E     723E        6     389D       0
                text123                            70A4     70A4       16        C       0
                text122                            71E8     71E8        A     389D       0
                text121                            7238     7238        6     389D       0
                text120                            203C     203C      1EE        C       0
                text119                            6E0C     6E0C       2A        C       0
                text118                            4EE6     4EE6       B4        C       0
                text117                            71DE     71DE        A     389D       0
                text116                            442A     442A       E2        C       0
                text115                            6038     6038       66        C       0
                text114                            46CC     46CC       DE        C       0
                text113                            54D8     54D8       A0        C       0
                text112                            725A     725A        4     389D       0
                text111                            7028     7028       1A        C       0
                text110                            7104     7104       12        C       0
                text109                            71D4     71D4        A     389D       0
                text108                            56B4     56B4       9C        C       0
                text107                            5CBA     5CBA       78        C       0
                text106                            6ED2     6ED2       26        C       0
                text105                            6C6E     6C6E       32        C       0
                text104                            61C8     61C8       62        C       0
                text103                            3A74     3A74      108        C       0
                text102                            3C82     3C82      106        C       0
                text101                            4348     4348       E2        C       0
                text100                            2408     2408      1DA        C       0
                text99                             6C3C     6C3C       32        C       0
                text98                             7256     7256        4     389D       0
                text97                             121E     121E      2B8        C       0
                text96                              49C      49C      3BE        C       0
                text95                             6166     6166       62        C       0
                text94                             3962     3962      112        C       0
                text93                             19BE     19BE      258        C       0
                text92                             70F2     70F2       12        C       0
                text91                             4A3E     4A3E       D4        C       0
                text90                             4BE0     4BE0       C8        C       0
                text89                             4CA8     4CA8       C4        C       0
                text88                             384A     384A      118        C       0
                text87                             628A     628A       60        C       0
                text86                             5750     5750       94        C       0
                text85                             6A7E     6A7E       3C        C       0
                text84                             6C08     6C08       34        C       0
                text83                             3B7C     3B7C      106        C       0
                text82                             715A     715A       10     389D       0
                text81                             64A0     64A0       56        C       0
                text80                             664E     664E       54        C       0
                text79                             4266     4266       E2        C       0
                text78                             4D6C     4D6C       C2        C       0
                text77                             5AB4     5AB4       86        C       0
                text76                             14D6     14D6      284        C       0
                text75                             34C4     34C4      13A        C       0
                text74                             50F6     50F6       AA        C       0
                text73                             6DB4     6DB4       2C        C       0
                text72                             45EC     45EC       E0        C       0
                text71                             4184     4184       E2        C       0
                text70                             5616     5616       9E        C       0
                text69                             3F8A     3F8A      100        C       0
                text68                             5878     5878       92        C       0
                text67                             504A     504A       AC        C       0
                text66                             3376     3376      14E        C       0
                text65                             6F8C     6F8C       22        C       0
                text64                             68F8     68F8       44        C       0
                text63                             6CD2     6CD2       30        C       0
                text62                             6B66     6B66       38        C       0
                text61                             2C92     2C92      176        C       0
                text60                             71CA     71CA        A     389D       0
                text59                             71C0     71C0        A     389D       0
                text58                             71B6     71B6        A     389D       0
                text57                             599C     599C       8C        C       0
                text56                             66F4     66F4       50        C       0
                text55                             62EA     62EA       58        C       0
                text54                             5B3A     5B3A       84        C       0
                text53                             450C     450C       E0        C       0
                text52                             6EAC     6EAC       26        C       0
                text51                             6D88     6D88       2C        C       0
                text50                             6E86     6E86       26        C       0
                text49                             6104     6104       62        C       0
                text48                             5E8C     5E8C       6E        C       0
                text47                             5438     5438       A0        C       0
                text46                             4964     4964       DA        C       0
                text45                             5DAA     5DAA       72        C       0
                text44                             7186     7186        E     389D       0
                text43                             708C     708C       18        C       0
                text42                             7074     7074       18        C       0
                text41                             644A     644A       56        C       0
                text40                             686E     686E       46        C       0
                text39                             5578     5578       9E        C       0
                text38                             1C16     1C16      226        C       0
                text37                             6D02     6D02       2E        C       0
                text36                             622A     622A       60        C       0
                text35                             6E36     6E36       28        C       0
                text34                             5EFA     5EFA       6C        C       0
                text33                             71AC     71AC        A     389D       0
                text32                             700C     700C       1C        C       0
                text31                             6B9E     6B9E       36        C       0
                text30                             693C     693C       42        C       0
                text29                             4E2E     4E2E       B8        C       0
                text28                             6D5C     6D5C       2C        C       0
                text27                             5E1C     5E1C       70        C       0
                text26                             6FF0     6FF0       1C        C       0
                text25                               20       20      47C        C       0
                text24                              85A      85A      3B4        C       0
                text23                              C0E      C0E      31E        C       0
                text22                             5FD0     5FD0       68        C       0
                text21                             7232     7232        6     389D       0
                text20                             6ABA     6ABA       3A        C       0
                text19                             6FD0     6FD0       20        C       0
                text18                             52F0     52F0       A4        C       0
                text17                             714A     714A       10     389D       0
                text16                             5C40     5C40       7A        C       0
                text15                             6B2E     6B2E       38        C       0
                text14                             6A42     6A42       3C        C       0
                text13                             7178     7178        E     389D       0
                text12                             70E0     70E0       12        C       0
                text11                             68B4     68B4       44        C       0
                text10                             705C     705C       18        C       0
                text9                              71A0     71A0        C     389D       0
                text8                              70CE     70CE       12        C       0
                text7                              716A     716A        E     389D       0
                text6                              7194     7194        C     389D       0
                text5                              6BD4     6BD4       34        C       0
                text4                              3E8A     3E8A      100        C       0
                text3                              6D30     6D30       2C        C       0
                text2                              713A     713A       10     389D       0
                text1                              408A     408A       FA        C       0
                text0                              4888     4888       DC        C       0
                cstackCOMRAM                          1        1       5E        1       1
                cstackBANK0                          B6       B6       49       60       1
                bssBIGRAMll                         2C3      2C3      200      2C3       1
                bssBIGRAMlh                         800      800      400      800       1
                dataBANK2                           2B2      2B2       11      200       1
                bssBANK2                            200      200       B2      200       1
                dataBANK1                           1E6      1E6       14      100       1
                bssBANK1                            100      100       E6      100       1
                dataBANK0                            FF       FF        1       60       1
                bssBANK0                             60       60       56       60       1
                bssCOMRAM                            5F       5F        1        1       1
                cinit                              524A     524A       A6        C       0
                idataBANK2                         7128     7128       11        C       0
                idataBANK1                         70BA     70BA       14        C       0
                idataBANK0                         725E     725E        1     389D       0

TOTAL           Name                               Link     Load   Length     Space
        CLASS   STACK          

        CLASS   CODE           
                intcodelo                            18       18        4         0
                intcode                               8        8        4         0
                init                                 1C       1C        4         0
                reset_vec                             0        0        4         0
                text187                            3D88     3D88      102         0
                text186                            6E5E     6E5E       28         0
                text185                            65F8     65F8       56         0
                text184                            175A     175A      264         0
                text183                            4B12     4B12       CE         0
                text182                            2984     2984      196         0
                text181                            57E4     57E4       94         0
                text180                            6CA0     6CA0       32         0
                text179                            63F2     63F2       58         0
                text178                            65A2     65A2       56         0
                text177                            6FAE     6FAE       22         0
                text176                            5D32     5D32       78         0
                text175                            639A     639A       58         0
                text174                            5A28     5A28       8C         0
                text173                            6744     6744       50         0
                text172                            6794     6794       4A         0
                text171                            1E3C     1E3C      200         0
                text170                            51A0     51A0       AA         0
                text169                            6AF4     6AF4       3A         0
                text168                            722A     722A        8         0
                text167                            7222     7222        8         0
                text166                            721A     721A        8         0
                text165                            6342     6342       58         0
                text164                            6826     6826       48         0
                text163                            6DE0     6DE0       2C         0
                text162                            6A02     6A02       40         0
                text161                            66A2     66A2       52         0
                text160                            69C0     69C0       42         0
                text159                            5394     5394       A4         0
                text158                            697E     697E       42         0
                text157                            4F9A     4F9A       B0         0
                text156                            7210     7210        A         0
                text155                            2B1A     2B1A      178         0
                text154                            67DE     67DE       48         0
                text153                            7206     7206        A         0
                text152                            2E08     2E08      172         0
                text151                            5BBE     5BBE       82         0
                text150                            609E     609E       66         0
                text149                            6F1E     6F1E       26         0
                text148                            2F7A     2F7A      158         0
                text147                            71FC     71FC        A         0
                text146                            7250     7250        6         0
                text145                            71F2     71F2        A         0
                text144                             F2C      F2C      2F2         0
                text143                            7116     7116       12         0
                text142                            222A     222A      1DE         0
                text141                            27BA     27BA      1CA         0
                text140                            654C     654C       56         0
                text139                            3224     3224      152         0
                text138                            25E2     25E2      1D8         0
                text137                            30D2     30D2      152         0
                text136                            35FE     35FE      128         0
                text135                            47AA     47AA       DE         0
                text134                            6EF8     6EF8       26         0
                text133                            6F68     6F68       24         0
                text132                            64F6     64F6       56         0
                text131                            5F66     5F66       6A         0
                text130                            724A     724A        6         0
                text129                            7042     7042       1A         0
                text128                            6F44     6F44       24         0
                text127                            590A     590A       92         0
                text126                            3726     3726      124         0
                text125                            7244     7244        6         0
                text124                            723E     723E        6         0
                text123                            70A4     70A4       16         0
                text122                            71E8     71E8        A         0
                text121                            7238     7238        6         0
                text120                            203C     203C      1EE         0
                text119                            6E0C     6E0C       2A         0
                text118                            4EE6     4EE6       B4         0
                text117                            71DE     71DE        A         0
                text116                            442A     442A       E2         0
                text115                            6038     6038       66         0
                text114                            46CC     46CC       DE         0
                text113                            54D8     54D8       A0         0
                text112                            725A     725A        4         0
                text111                            7028     7028       1A         0
                text110                            7104     7104       12         0
                text109                            71D4     71D4        A         0
                text108                            56B4     56B4       9C         0
                text107                            5CBA     5CBA       78         0
                text106                            6ED2     6ED2       26         0
                text105                            6C6E     6C6E       32         0
                text104                            61C8     61C8       62         0
                text103                            3A74     3A74      108         0
                text102                            3C82     3C82      106         0
                text101                            4348     4348       E2         0
                text100                            2408     2408      1DA         0
                text99                             6C3C     6C3C       32         0
                text98                             7256     7256        4         0
                text97                             121E     121E      2B8         0
                text96                              49C      49C      3BE         0
                text95                             6166     6166       62         0
                text94                             3962     3962      112         0
                text93                             19BE     19BE      258         0
                text92                             70F2     70F2       12         0
                text91                             4A3E     4A3E       D4         0
                text90                             4BE0     4BE0       C8         0
                text89                             4CA8     4CA8       C4         0
                text88                             384A     384A      118         0
                text87                             628A     628A       60         0
                text86                             5750     5750       94         0
                text85                             6A7E     6A7E       3C         0
                text84                             6C08     6C08       34         0
                text83                             3B7C     3B7C      106         0
                text82                             715A     715A       10         0
                text81                             64A0     64A0       56         0
                text80                             664E     664E       54         0
                text79                             4266     4266       E2         0
                text78                             4D6C     4D6C       C2         0
                text77                             5AB4     5AB4       86         0
                text76                             14D6     14D6      284         0
                text75                             34C4     34C4      13A         0
                text74                             50F6     50F6       AA         0
                text73                             6DB4     6DB4       2C         0
                text72                             45EC     45EC       E0         0
                text71                             4184     4184       E2         0
                text70                             5616     5616       9E         0
                text69                             3F8A     3F8A      100         0
                text68                             5878     5878       92         0
                text67                             504A     504A       AC         0
                text66                             3376     3376      14E         0
                text65                             6F8C     6F8C       22         0
                text64                             68F8     68F8       44         0
                text63                             6CD2     6CD2       30         0
                text62                             6B66     6B66       38         0
                text61                             2C92     2C92      176         0
                text60                             71CA     71CA        A         0
                text59                             71C0     71C0        A         0
                text58                             71B6     71B6        A         0
                text57                             599C     599C       8C         0
                text56                             66F4     66F4       50         0
                text55                             62EA     62EA       58         0
                text54                             5B3A     5B3A       84         0
                text53                             450C     450C       E0         0
                text52                             6EAC     6EAC       26         0
                text51                             6D88     6D88       2C         0
                text50                             6E86     6E86       26         0
                text49                             6104     6104       62         0
                text48                             5E8C     5E8C       6E         0
                text47                             5438     5438       A0         0
                text46                             4964     4964       DA         0
                text45                             5DAA     5DAA       72         0
                text44                             7186     7186        E         0
                text43                             708C     708C       18         0
                text42                             7074     7074       18         0
                text41                             644A     644A       56         0
                text40                             686E     686E       46         0
                text39                             5578     5578       9E         0
                text38                             1C16     1C16      226         0
                text37                             6D02     6D02       2E         0
                text36                             622A     622A       60         0
                text35                             6E36     6E36       28         0
                text34                             5EFA     5EFA       6C         0
                text33                             71AC     71AC        A         0
                text32                             700C     700C       1C         0
                text31                             6B9E     6B9E       36         0
                text30                             693C     693C       42         0
                text29                             4E2E     4E2E       B8         0
                text28                             6D5C     6D5C       2C         0
                text27                             5E1C     5E1C       70         0
                text26                             6FF0     6FF0       1C         0
                text25                               20       20      47C         0
                text24                              85A      85A      3B4         0
                text23                              C0E      C0E      31E         0
                text22                             5FD0     5FD0       68         0
                text21                             7232     7232        6         0
                text20                             6ABA     6ABA       3A         0
                text19                             6FD0     6FD0       20         0
                text18                             52F0     52F0       A4         0
                text17                             714A     714A       10         0
                text16                             5C40     5C40       7A         0
                text15                             6B2E     6B2E       38         0
                text14                             6A42     6A42       3C         0
                text13                             7178     7178        E         0
                text12                             70E0     70E0       12         0
                text11                             68B4     68B4       44         0
                text10                             705C     705C       18         0
                text9                              71A0     71A0        C         0
                text8                              70CE     70CE       12         0
                text7                              716A     716A        E         0
                text6                              7194     7194        C         0
                text5                              6BD4     6BD4       34         0
                text4                              3E8A     3E8A      100         0
                text3                              6D30     6D30       2C         0
                text2                              713A     713A       10         0
                text1                              408A     408A       FA         0
                text0                              4888     4888       DC         0
                cinit                              524A     524A       A6         0
                idataBANK2                         7128     7128       11         0
                idataBANK1                         70BA     70BA       14         0
                idataBANK0                         725E     725E        1         0

        CLASS   CONST          

        CLASS   SMALLCONST     

        CLASS   MEDIUMCONST    
                mediumconst                        8C6C     8C6C      394         0

        CLASS   COMRAM         
                cstackCOMRAM                          1        1       5E         1
                bssCOMRAM                            5F       5F        1         1

        CLASS   ABS1           
                abs_s1                              600      600      200         1
                abs_s1                              D00      D00       5F         1
                abs_s1                              D80      D80        D         1

        CLASS   BIGRAM         
                bssBIGRAMll                         2C3      2C3      200         1
                bssBIGRAMlh                         800      800      400         1

        CLASS   RAM            

        CLASS   BANK0          
                cstackBANK0                          B6       B6       49         1
                dataBANK0                            FF       FF        1         1
                bssBANK0                             60       60       56         1

        CLASS   BANK1          
                dataBANK1                           1E6      1E6       14         1
                bssBANK1                            100      100       E6         1

        CLASS   BANK2          
                dataBANK2                           2B2      2B2       11         1
                bssBANK2                            200      200       B2         1

        CLASS   BANK3          

        CLASS   BANK4          

        CLASS   BANK5          

        CLASS   BANK6          

        CLASS   BANK7          

        CLASS   BANK8          

        CLASS   BANK9          

        CLASS   BANK10         

        CLASS   BANK11         

        CLASS   BANK12         

        CLASS   BANK13         

        CLASS   BANK14         

        CLASS   SFR            

        CLASS   FARRAM         

        CLASS   CONFIG         
                config                            1FFF8    1FFF8        8         0

        CLASS   IDLOC          



SEGMENTS        Name                           Load    Length   Top    Selector   Space  Class

                reset_vec                      000000  000004  000004         0       0  CODE    
                cstackCOMRAM                   000001  00005F  000060         1       1  COMRAM  
                intcode                        000008  000004  00000C         4       0  CODE    
                intcodelo                      000018  007121  007139         C       0  CODE    
                bssBANK0                       000060  0000A0  000100        60       1  BANK0   
                bssBANK1                       000100  0000FA  0001FA       100       1  BANK1   
                bssBANK2                       000200  0000C3  0002C3       200       1  BANK2   
                bssBIGRAMll                    0002C3  000200  0004C3       2C3       1  BIGRAM  
                bssBIGRAMlh                    000800  000400  000C00       800       1  BIGRAM  
                text2                          00713A  000125  00725F      389D       0  CODE    
                mediumconst                    008C6C  000394  009000      4636       0  MEDIUMCO
                config                         01FFF8  000008  020000     1FFF8       0  CONFIG  


UNUSED ADDRESS RANGES

        Name                Unused          Largest block    Delta
        BANK1            001FA-001FF               6
        BANK12           00C00-00CFF             100
        BANK13           00D5F-00D7F              21
                         00D8D-00DFF              73
        BANK14           00E00-00EAF              B0
        BANK4            004C3-004FF              3D
        BANK5            00500-005FF             100
        BIGRAM           001FA-001FF               6
                         004C3-005FF             13D
                         00C00-00CFF             100
                         00D5F-00D7F              21
                         00D8D-00EAF             123
        CODE             00004-00007               4
                         0000C-00017               C
                         07139-07139               1
                         0725F-08C6B            1A0D
        CONST            00004-00007               4
                         0000C-00017               C
                         07139-07139               1
                         0725F-08C6B            1A0D
        MEDIUMCONST      07139-07139               1
                         0725F-08C6B            1A0D
        RAM              001FA-001FF               6
                         004C3-005FF             100
                         00C00-00CFF             100
                         00D5F-00D7F              21
                         00D8D-00EAF              73
        SFR              00EB0-00FFF              60
        SMALLCONST       07139-07139               1
                         0725F-08C6B             100
        STACK            004C3-005FF             13D

                                  Symbol Table

?_ExternalFlash_CapacityRead                          cstackCOMRAM  00001
?_ExternalFlash_MediaInitialize                       cstackCOMRAM  00001
?_ExternalFlash_SectorSizeRead                        cstackCOMRAM  00001
?_USBTransferOnePacket                                cstackCOMRAM  00001
?___lldiv                                             cstackCOMRAM  00001
?___llmod                                             cstackCOMRAM  00001
?___lwdiv                                             cstackCOMRAM  00001
?___lwmod                                             cstackCOMRAM  00001
?___wmul                                              cstackCOMRAM  00001
?__data_sector_from_cluster                           cstackCOMRAM  00001
?__fat_offset_from_cluster                            cstackCOMRAM  00001
?__fat_sector_from_cluster                            cstackCOMRAM  00001
?__find_nth_cluster                                   cstackCOMRAM  00038
?__flash_get_status                                   cstackCOMRAM  0000D
?__offset_from_file_number                            cstackCOMRAM  00001
?__read_fat                                           cstackCOMRAM  00030
?__read_value_from_offset                             cstackCOMRAM  00001
?__sector_from_file_number                            cstackCOMRAM  00001
?_bootloader_get_entries                              cstackCOMRAM  00001
?_bootloader_get_file_size                            cstackCOMRAM  00001
?_bootloader_get_flashPagesWritten                    cstackCOMRAM  00001
?_bootloader_get_rec_address                          cstackCOMRAM  00001
?_bootloader_get_rec_dataLength                       cstackCOMRAM  00001
?_bootloader_get_total_entries                        cstackCOMRAM  00001
?_fat_get_file_size                                   cstackCOMRAM  00036
?_hexCharsToUint16                                    cstackCOMRAM  00003
?_internalFlash_addressFromPage                       cstackCOMRAM  00001
?_internalFlash_addressWithinPage                     cstackCOMRAM  00009
?_internalFlash_getBuffer                             cstackCOMRAM  00001
?_internalFlash_pageFromAddress                       cstackCOMRAM  00001
?_parseHexFileEntry                                   cstackCOMRAM  0000C
?_strncmp                                             cstackCOMRAM  00001
ExternalFlash_CapacityRead@config                     cstackCOMRAM  00001
ExternalFlash_MediaDetect@config                      cstackCOMRAM  00001
ExternalFlash_MediaInitialize@config                  cstackCOMRAM  00001
ExternalFlash_SectorRead@buffer                       cstackCOMRAM  00032
ExternalFlash_SectorRead@config                       cstackCOMRAM  0002C
ExternalFlash_SectorRead@page                         cstackCOMRAM  00034
ExternalFlash_SectorRead@sector_addr                  cstackCOMRAM  0002E
ExternalFlash_SectorSizeRead@config                   cstackCOMRAM  00001
ExternalFlash_SectorWrite@allowWriteToZero            cstackCOMRAM  0002D
ExternalFlash_SectorWrite@buffer                      cstackCOMRAM  0002B
ExternalFlash_SectorWrite@config                      cstackCOMRAM  00025
ExternalFlash_SectorWrite@page                        cstackCOMRAM  0002E
ExternalFlash_SectorWrite@sector_addr                 cstackCOMRAM  00027
ExternalFlash_WriteProtectStateGet@config             cstackCOMRAM  00001
MSDCheckForErrorCases@DeviceBytes                     cstackCOMRAM  0000B
MSDCheckForErrorCases@DeviceNoData                    cstackCOMRAM  00011
MSDCheckForErrorCases@HostMoreDataThanDevice          cstackCOMRAM  0000F
MSDCheckForErrorCases@MSDErrorCase                    cstackCOMRAM  00010
MSDComputeDeviceInAndResidue@DiExpected               cstackCOMRAM  00001
MSDErrorHandler@ErrorCase                             cstackCOMRAM  00009
MSDErrorHandler@OldMSD_State                          cstackCOMRAM  0000A
MSDProcessCommandMediaPresent@NumBytesInPacket        cstackCOMRAM  0003E
MSDProcessCommandMediaPresent@capacity                cstackCOMRAM  00043
MSDProcessCommandMediaPresent@i                       cstackCOMRAM  00047
MSDProcessCommandMediaPresent@sectorSize              cstackCOMRAM  0003F
MSDTasks@i                                            cstackCOMRAM  00052
MSDTransferTerminated@handle                          cstackCOMRAM  0000C
SYSTEM_Initialize@pll_startup_counter                 cstackCOMRAM  00001
SYSTEM_Initialize@pll_startup_counter_2866            cstackCOMRAM  00003
SYSTEM_Initialize@state                               cstackCOMRAM  00005
USBConfigureEndpoint@EPNum                            cstackCOMRAM  00006
USBConfigureEndpoint@direction                        cstackCOMRAM  00001
USBConfigureEndpoint@handle                           cstackCOMRAM  00007
USBCtrlTrfInHandler@lastDTS                           cstackCOMRAM  00002
USBCtrlTrfRxService@byteToRead                        cstackCOMRAM  00002
USBCtrlTrfRxService@i                                 cstackCOMRAM  00001
USBCtrlTrfTxService@byteToSend                        cstackCOMRAM  00001
USBDeviceInit@i                                       cstackCOMRAM  00009
USBDeviceTasks@i                                      cstackCOMRAM  00020
USBEnableEndpoint@ep                                  cstackCOMRAM  0000C
USBEnableEndpoint@options                             cstackCOMRAM  00009
USBEnableEndpoint@p                                   cstackCOMRAM  0000A
USBStallEndpoint@dir                                  cstackCOMRAM  00001
USBStallEndpoint@ep                                   cstackCOMRAM  00006
USBStallEndpoint@p                                    cstackCOMRAM  00007
USBStdFeatureReqHandler@current_ep_data               cstackCOMRAM  0001B
USBStdFeatureReqHandler@p                             cstackCOMRAM  0001C
USBStdFeatureReqHandler@pUEP                          cstackCOMRAM  00019
USBStdGetStatusHandler@p                              cstackCOMRAM  00002
USBStdSetCfgHandler@i                                 cstackCOMRAM  00018
USBTransferOnePacket@data                             cstackCOMRAM  00002
USBTransferOnePacket@dir                              cstackCOMRAM  00001
USBTransferOnePacket@ep                               cstackCOMRAM  00009
USBTransferOnePacket@handle                           cstackCOMRAM  0000A
USBTransferOnePacket@len                              cstackCOMRAM  00004
USER_USB_CALLBACK_EVENT_HANDLER@event                 cstackCOMRAM  00010
USER_USB_CALLBACK_EVENT_HANDLER@pdata                 cstackCOMRAM  00012
USER_USB_CALLBACK_EVENT_HANDLER@size                  cstackCOMRAM  00014
_ANCON0bits                                           (abs)         00F48
_APP_DeviceCustomHIDInitialize                        text84        06C08
_APP_DeviceCustomHIDTasks                             text113       054D8
_APP_DeviceMSDInitialize                              text82        0715A
_APP_DeviceMSDTasks                                   text92        070F2
_BDT                                                  (abs)         00D00
_BothEP0OutUOWNsSet                                   bssBANK0      000A8
_CtrlTrfData                                          (abs)         00D38
_DMABCH                                               (abs)         00F66
_DMABCL                                               (abs)         00F67
_DMACON1bits                                          (abs)         00F88
_DMACON2bits                                          (abs)         00F86
_EECON1                                               (abs)         00FA6
_EECON1bits                                           (abs)         00FA6
_EECON2                                               (abs)         00FA7
_ExternalFlash_CapacityRead                           text110       07104
_ExternalFlash_MediaDetect                            text112       0725A
_ExternalFlash_MediaInitialize                        text111       07028
_ExternalFlash_SectorRead                             text105       06C6E
_ExternalFlash_SectorSizeRead                         text109       071D4
_ExternalFlash_SectorWrite                            text99        06C3C
_ExternalFlash_WriteProtectStateGet                   text98        07256
_FileAddress                                          bssBANK1      0015D
_INTCON                                               (abs)         00FF2
_INTCON2bits                                          (abs)         00FF1
_INTCON3bits                                          (abs)         00FF0
_INTCONbits                                           (abs)         00FF2
_LATAbits                                             (abs)         00F89
_LATCbits                                             (abs)         00F8B
_LATDbits                                             (abs)         00F8C
_LBA                                                  bssBANK0      00087
_LUN                                                  dataBANK1     001E6
_MSBBufferIndex                                       bssBANK1      0016F
_MSDCBWValid                                          bssBANK0      00099
_MSDCheckForErrorCases                                text101       04348
_MSDCommandState                                      bssBANK0      0009F
_MSDComputeDeviceInAndResidue                         text108       056B4
_MSDErrorHandler                                      text102       03C82
_MSDHostNoData                                        bssBANK0      0009A
_MSDProcessCommand                                    text94        03962
_MSDProcessCommandMediaAbsent                         text95        06166
_MSDProcessCommandMediaPresent                        text96        0049C
_MSDProcessCommandMediaPresent$2390                   cstackCOMRAM  0003C
_MSDReadHandler                                       text100       02408
_MSDReadState                                         bssBANK0      0009E
_MSDRetryAttempt                                      bssBANK0      0009C
_MSDTasks                                             text93        019BE
_MSDTasks$2372                                        cstackCOMRAM  0004E
_MSDTasks$2373                                        cstackCOMRAM  00050
_MSDTransferTerminated                                text81        064A0
_MSDTransferTerminated$2407                           cstackCOMRAM  0000E
_MSDWriteHandler                                      text97        0121E
_MSDWriteState                                        bssBANK0      0009D
_MSD_State                                            bssBANK0      000A0
_OSCCON                                               (abs)         00FD3
_OSCTUNEbits                                          (abs)         00F9B
_PIE2bits                                             (abs)         00FA0
_PIR2bits                                             (abs)         00FA1
_PORTAbits                                            (abs)         00F80
_PORTEbits                                            (abs)         00F84
_PPSCONbits                                           (abs)         00EBF
_RPINR1                                               (abs)         00EE1
_RPINR2                                               (abs)         00EE2
_RPINR21                                              (abs)         00EFC
_RPINR22                                              (abs)         00EFD
_RPINR3                                               (abs)         00EE3
_RPOR21                                               (abs)         00ED5
_RPOR23                                               (abs)         00ED7
_RXADDRH                                              (abs)         00F68
_RXADDRL                                              (abs)         00F69
_ReceivedDataBuffer                                   bssBANK2      00240
_RemoteWakeup                                         bssBANK0      000AB
_ResetSenseData                                       text104       061C8
_SSP1ADD                                              (abs)         00FC8
_SSP1BUF                                              (abs)         00FC9
_SSP1CON1                                             (abs)         00FC6
_SSP1CON1bits                                         (abs)         00FC6
_SSP1CON2bits                                         (abs)         00FC5
_SSP1STATbits                                         (abs)         00FC7
_SSP2CON1bits                                         (abs)         00F72
_SSP2STATbits                                         (abs)         00F73
_SYSTEM_Initialize                                    text80        0664E
_SetupPkt                                             (abs)         00D30
_SoftDetach                                           bssBANK0      0009B
_T0CONbits                                            (abs)         00FD5
_TABLAT                                               (abs)         00FF5
_TBLPTR                                               (abs)         00FF6
_TMR0H                                                (abs)         00FD7
_TMR0L                                                (abs)         00FD6
_TRISAbits                                            (abs)         00F92
_TRISCbits                                            (abs)         00F94
_TRISDbits                                            (abs)         00F95
_TRISEbits                                            (abs)         00F96
_TXADDRH                                              (abs)         00F6A
_TXADDRL                                              (abs)         00F6B
_ToSendDataBuffer                                     bssBANK2      00200
_TransferLength                                       bssBANK0      0008B
_UADDR                                                (abs)         00F38
_UCFG                                                 (abs)         00F39
_UCON                                                 (abs)         00F65
_UCONbits                                             (abs)         00F65
_UEIE                                                 (abs)         00F37
_UEIR                                                 (abs)         00F63
_UEP0                                                 (abs)         00F26
_UEP0bits                                             (abs)         00F26
_UEP1                                                 (abs)         00F27
_UIE                                                  (abs)         00F36
_UIEbits                                              (abs)         00F36
_UIR                                                  (abs)         00F62
_UIRbits                                              (abs)         00F62
_USB1msTickCount                                      bssBANK1      0014D
_USBActiveConfiguration                               bssBANK0      000B5
_USBAlternateInterface                                bssBANK1      001E4
_USBBusIsSuspended                                    bssBANK0      000AA
_USBCheckHIDRequest                                   text79        04266
_USBCheckMSDRequest                                   text78        04D6C
_USBCheckMSDRequest$2319                              cstackCOMRAM  0000C
_USBCheckMSDRequest$2320                              cstackCOMRAM  0000E
_USBCheckStdRequest                                   text71        04184
_USBConfigureEndpoint                                 text86        05750
_USBCtrlEPAllowDataStage                              text70        05616
_USBCtrlEPAllowStatusStage                            text89        04CA8
_USBCtrlEPService                                     text67        0504A
_USBCtrlEPServiceComplete                             text69        03F8A
_USBCtrlTrfInHandler                                  text90        04BE0
_USBCtrlTrfOutHandler                                 text87        0628A
_USBCtrlTrfRxService                                  text88        0384A
_USBCtrlTrfSetupHandler                               text68        05878
_USBCtrlTrfTxService                                  text91        04A3E
_USBDeferINDataStagePackets                           bssBANK0      000A3
_USBDeferOUTDataStagePackets                          bssBANK0      000A2
_USBDeferStatusStagePacket                            bssBANK0      000A6
_USBDeviceInit                                        text66        03376
_USBDeviceState                                       bssCOMRAM     0005F
_USBDeviceTasks                                       text61        02C92
_USBEnableEndpoint                                    text85        06A7E
_USBInHandle                                          bssBANK1      00169
_USBIncrement1msInternalTimers                        text65        06F8C
_USBMSDInHandle                                       bssBANK0      0008D
_USBMSDInit                                           text83        03B7C
_USBMSDOutHandle                                      bssBANK0      0008F
_USBOutHandle                                         bssBANK1      0016B
_USBStallEndpoint                                     text103       03A74
_USBStallHandler                                      text64        068F8
_USBStatusStageEnabledFlag1                           bssBANK0      000A5
_USBStatusStageEnabledFlag2                           bssBANK0      000A4
_USBStatusStageTimeoutCounter                         bssBANK0      000A7
_USBStdFeatureReqHandler                              text76        014D6
_USBStdGetDscHandler                                  text75        034C4
_USBStdGetStatusHandler                               text74        050F6
_USBStdSetCfgHandler                                  text72        045EC
_USBSuspend                                           text63        06CD2
_USBTicksSinceSuspendEnd                              bssBANK0      000A1
_USBTransferOnePacket                                 text187       03D88
_USBWakeFromSuspend                                   text62        06B66
_USB_CD_Ptr                                           mediumconst   08EA3
_USB_SD_Ptr                                           mediumconst   08E79
_USER_USB_CALLBACK_EVENT_HANDLER                      text77        05AB4
_USTAT                                                (abs)         00F64
_USTATcopy                                            bssBANK0      000B4
__CFG_ADCSEL$BIT10                                    (abs)         00000
__CFG_CFGPLLEN$ON                                     (abs)         00000
__CFG_CLKOEC$OFF                                      (abs)         00000
__CFG_CP0$OFF                                         (abs)         00000
__CFG_CPUDIV$OSC1                                     (abs)         00000
__CFG_DSBOREN$OFF                                     (abs)         00000
__CFG_DSWDTEN$OFF                                     (abs)         00000
__CFG_DSWDTOSC$T1OSCREF                               (abs)         00000
__CFG_DSWDTPS$8192                                    (abs)         00000
__CFG_FCMEN$OFF                                       (abs)         00000
__CFG_IESO$ON                                         (abs)         00000
__CFG_IOL1WAY$OFF                                     (abs)         00000
__CFG_LS48MHZ$SYS48X8                                 (abs)         00000
__CFG_MSSP7B_EN$MSK7                                  (abs)         00000
__CFG_OSC$HSPLL                                       (abs)         00000
__CFG_PLLDIV$2                                        (abs)         00000
__CFG_RTCOSC$T1OSCREF                                 (abs)         00000
__CFG_SOSCSEL$HIGH                                    (abs)         00000
__CFG_STVREN$ON                                       (abs)         00000
__CFG_WDTEN$ON                                        (abs)         00000
__CFG_WDTPS$512                                       (abs)         00000
__CFG_WPCFG$OFF                                       (abs)         00000
__CFG_WPDIS$OFF                                       (abs)         00000
__CFG_WPEND$PAGE_0                                    (abs)         00000
__CFG_WPFP$PAGE_1                                     (abs)         00000
__CFG_XINST$OFF                                       (abs)         00000
__HRAM                                                (abs)         00000
__Habs1                                               abs1          00000
__Hbank0                                              bank0         00000
__Hbank1                                              bank1         00000
__Hbank10                                             bank10        00000
__Hbank11                                             bank11        00000
__Hbank12                                             bank12        00000
__Hbank13                                             bank13        00000
__Hbank14                                             bank14        00000
__Hbank2                                              bank2         00000
__Hbank3                                              bank3         00000
__Hbank4                                              bank4         00000
__Hbank5                                              bank5         00000
__Hbank6                                              bank6         00000
__Hbank7                                              bank7         00000
__Hbank8                                              bank8         00000
__Hbank9                                              bank9         00000
__Hbigbss                                             bigbss        00000
__Hbigdata                                            bigdata       00000
__Hbigram                                             bigram        00000
__Hbss                                                bss           00000
__HbssBANK0                                           bssBANK0      00000
__HbssBANK1                                           bssBANK1      00000
__HbssBANK2                                           bssBANK2      00000
__HbssBIGRAMlh                                        bssBIGRAMlh   00000
__HbssBIGRAMll                                        bssBIGRAMll   00000
__HbssCOMRAM                                          bssCOMRAM     00000
__Hcinit                                              cinit         00000
__Hclrtext                                            clrtext       00000
__Hcomram                                             comram        00000
__Hconfig                                             config        20000
__Hconst                                              const         00000
__HcstackBANK0                                        cstackBANK0   00000
__HcstackCOMRAM                                       cstackCOMRAM  00000
__Hdata                                               data          00000
__HdataBANK0                                          dataBANK0     00000
__HdataBANK1                                          dataBANK1     00000
__HdataBANK2                                          dataBANK2     00000
__Hfarbss                                             farbss        00000
__Hfardata                                            fardata       00000
__Hibigdata                                           ibigdata      00000
__Hidata                                              idata         00000
__HidataBANK0                                         idataBANK0    00000
__HidataBANK1                                         idataBANK1    00000
__HidataBANK2                                         idataBANK2    00000
__Hidloc                                              idloc         00000
__Hifardata                                           ifardata      00000
__Hinit                                               init          00020
__Hintcode                                            intcode       0000C
__Hintcode_body                                       intcode_body  00000
__Hintcodelo                                          intcodelo     0001C
__Hintentry                                           intentry      00000
__Hintret                                             intret        00000
__Hintsave_regs                                       intsave_regs  00000
__Hirdata                                             irdata        00000
__Hjflash_buffer                                      jflash_buffer 1F800
__Hmediumconst                                        mediumconst   09000
__HnvFARRAM                                           nvFARRAM      00000
__Hnvbit                                              nvbit         00000
__Hnvrram                                             nvrram        00000
__Hparam                                              rparam        00000
__Hpowerup                                            powerup       0001C
__Hram                                                ram           00000
__Hramtop                                             ramtop        00F00
__Hrbit                                               rbit          00000
__Hrbss                                               rbss          00000
__Hrdata                                              rdata         00000
__Hreset_vec                                          reset_vec     00004
__Hrparam                                             rparam        00000
__Hsfr                                                sfr           00000
__Hsmallconst                                         smallconst    00000
__Hspace_0                                            (abs)         20000
__Hspace_1                                            (abs)         00C00
__Hspace_2                                            (abs)         00000
__Hstack                                              stack         00000
__Hstruct                                             struct        00000
__Htemp                                               temp          00000
__Htext                                               text          00000
__Htext0                                              text0         00000
__Htext1                                              text1         00000
__Htext10                                             text10        00000
__Htext100                                            text100       00000
__Htext101                                            text101       00000
__Htext102                                            text102       00000
__Htext103                                            text103       00000
__Htext104                                            text104       00000
__Htext105                                            text105       00000
__Htext106                                            text106       00000
__Htext107                                            text107       00000
__Htext108                                            text108       00000
__Htext109                                            text109       00000
__Htext11                                             text11        00000
__Htext110                                            text110       00000
__Htext111                                            text111       00000
__Htext112                                            text112       00000
__Htext113                                            text113       00000
__Htext114                                            text114       00000
__Htext115                                            text115       00000
__Htext116                                            text116       00000
__Htext117                                            text117       00000
__Htext118                                            text118       00000
__Htext119                                            text119       00000
__Htext12                                             text12        00000
__Htext120                                            text120       00000
__Htext121                                            text121       00000
__Htext122                                            text122       00000
__Htext123                                            text123       00000
__Htext124                                            text124       00000
__Htext125                                            text125       00000
__Htext126                                            text126       00000
__Htext127                                            text127       00000
__Htext128                                            text128       00000
__Htext129                                            text129       00000
__Htext13                                             text13        00000
__Htext130                                            text130       00000
__Htext131                                            text131       00000
__Htext132                                            text132       00000
__Htext133                                            text133       00000
__Htext134                                            text134       00000
__Htext135                                            text135       00000
__Htext136                                            text136       00000
__Htext137                                            text137       00000
__Htext138                                            text138       00000
__Htext139                                            text139       00000
__Htext14                                             text14        00000
__Htext140                                            text140       00000
__Htext141                                            text141       00000
__Htext142                                            text142       00000
__Htext143                                            text143       00000
__Htext144                                            text144       00000
__Htext145                                            text145       00000
__Htext146                                            text146       00000
__Htext147                                            text147       00000
__Htext148                                            text148       00000
__Htext149                                            text149       00000
__Htext15                                             text15        00000
__Htext150                                            text150       00000
__Htext151                                            text151       00000
__Htext152                                            text152       00000
__Htext153                                            text153       00000
__Htext154                                            text154       00000
__Htext155                                            text155       00000
__Htext156                                            text156       00000
__Htext157                                            text157       00000
__Htext158                                            text158       00000
__Htext159                                            text159       00000
__Htext16                                             text16        00000
__Htext160                                            text160       00000
__Htext161                                            text161       00000
__Htext162                                            text162       00000
__Htext163                                            text163       00000
__Htext164                                            text164       00000
__Htext165                                            text165       00000
__Htext166                                            text166       00000
__Htext167                                            text167       00000
__Htext168                                            text168       00000
__Htext169                                            text169       00000
__Htext17                                             text17        00000
__Htext170                                            text170       00000
__Htext171                                            text171       00000
__Htext172                                            text172       00000
__Htext173                                            text173       00000
__Htext174                                            text174       00000
__Htext175                                            text175       00000
__Htext176                                            text176       00000
__Htext177                                            text177       00000
__Htext178                                            text178       00000
__Htext179                                            text179       00000
__Htext18                                             text18        00000
__Htext180                                            text180       00000
__Htext181                                            text181       00000
__Htext182                                            text182       00000
__Htext183                                            text183       00000
__Htext184                                            text184       00000
__Htext185                                            text185       00000
__Htext186                                            text186       00000
__Htext187                                            text187       00000
__Htext188                                            text188       00000
__Htext19                                             text19        00000
__Htext2                                              text2         00000
__Htext20                                             text20        00000
__Htext21                                             text21        00000
__Htext22                                             text22        00000
__Htext23                                             text23        00000
__Htext24                                             text24        00000
__Htext25                                             text25        00000
__Htext26                                             text26        00000
__Htext27                                             text27        00000
__Htext28                                             text28        00000
__Htext29                                             text29        00000
__Htext3                                              text3         00000
__Htext30                                             text30        00000
__Htext31                                             text31        00000
__Htext32                                             text32        00000
__Htext33                                             text33        00000
__Htext34                                             text34        00000
__Htext35                                             text35        00000
__Htext36                                             text36        00000
__Htext37                                             text37        00000
__Htext38                                             text38        00000
__Htext39                                             text39        00000
__Htext4                                              text4         00000
__Htext40                                             text40        00000
__Htext41                                             text41        00000
__Htext42                                             text42        00000
__Htext43                                             text43        00000
__Htext44                                             text44        00000
__Htext45                                             text45        00000
__Htext46                                             text46        00000
__Htext47                                             text47        00000
__Htext48                                             text48        00000
__Htext49                                             text49        00000
__Htext5                                              text5         00000
__Htext50                                             text50        00000
__Htext51                                             text51        00000
__Htext52                                             text52        00000
__Htext53                                             text53        00000
__Htext54                                             text54        00000
__Htext55                                             text55        00000
__Htext56                                             text56        00000
__Htext57                                             text57        00000
__Htext58                                             text58        00000
__Htext59                                             text59        00000
__Htext6                                              text6         00000
__Htext60                                             text60        00000
[...]
		_fat_get_format_status
		_fat_format
 This function uses a non-reentrant model


 *************** function __get_fat *****************
 Defined at:
		line 1187 in file "fat16.c"
 Parameters:    Size  Location     Type
  idx             2    0[COMRAM] unsigned int 
 Auto vars:     Size  Location     Type
		None
 Return value:  Size  Location     Type
                  1    wreg      unsigned char 
 Registers used:
		wreg, status,2, status,0
 Tracked objects:
		On entry : 
		On exit  : 
		Unchanged: 
 Data sizes:     COMRAM   BANK0   BANK1   BANK2   BANK3   BANK4   BANK5   BANK8   BANK9  BANK10  BANK11  BANK12 BANK13h BANK13l  BANK14
      Params:         2       0       0       0       0       0       0       0       0       0       0       0       0       0       0
      Locals:         0       0       0       0       0       0       0       0       0       0       0       0       0       0       0
      Temps:          2       0       0       0       0       0       0       0       0       0       0       0       0       0       0
      Totals:         4       0       0       0       0       0       0       0       0       0       0       0       0       0       0
Total ram usage:        4 bytes
 Hardware stack levels used:    1
 This function calls:
		Nothing
 This function is called by:
		_fat_format
 This function uses a non-reentrant model


 *************** function __get_data *****************
 Defined at:
		line 1283 in file "fat16.c"
 Parameters:    Size  Location     Type
  idx             2    0[COMRAM] unsigned int 
 Auto vars:     Size  Location     Type
		None
 Return value:  Size  Location     Type
                  1    wreg      unsigned char 
 Registers used:
		wreg, status,2, status,0, tblptrl, tblptrh, tblptru
 Tracked objects:
		On entry : 
		On exit  : 
		Unchanged: 
 Data sizes:     COMRAM   BANK0   BANK1   BANK2   BANK3   BANK4   BANK5   BANK8   BANK9  BANK10  BANK11  BANK12 BANK13h BANK13l  BANK14
      Params:         2       0       0       0       0       0       0       0       0       0       0       0       0       0       0
      Locals:         0       0       0       0       0       0       0       0       0       0       0       0       0       0       0
      Temps:          0       0       0       0       0       0       0       0       0       0       0       0       0       0       0
      Totals:         2       0       0       0       0       0       0       0       0       0       0       0       0       0       0
Total ram usage:        2 bytes
 Hardware stack levels used:    1
 This function calls:
		Nothing
 This function is called by:
		_fat_format
 This function uses a non-reentrant model


 *************** function _USBTransferOnePacket *****************
 Defined at:
		line 995 in file "usb_device.c"
 Parameters:    Size  Location     Type
  ep              1    wreg     unsigned char 
  dir             1    0[COMRAM] unsigned char 
  data            2    1[COMRAM] PTR unsigned char 
		 -> ToSendDataBuffer(64), ReceivedDataBuffer(64), msd_buffer(512), msd_csw(13), 
		 -> msd_cbw(31), NULL(0), 
  len             1    3[COMRAM] unsigned char 
 Auto vars:     Size  Location     Type
  ep              1    8[COMRAM] unsigned char 
  handle          2    9[COMRAM] PTR volatile struct __BD
		 -> RAM(3759), NULL(0), BDT(48), 
 Return value:  Size  Location     Type
                  2    0[COMRAM] PTR void 
 Registers used:
		wreg, fsr2l, fsr2h, status,2, status,0, prodl, prodh
 Tracked objects:
		On entry : 
		On exit  : 
		Unchanged: 
 Data sizes:     COMRAM   BANK0   BANK1   BANK2   BANK3   BANK4   BANK5   BANK8   BANK9  BANK10  BANK11  BANK12 BANK13h BANK13l  BANK14
      Params:         4       0       0       0       0       0       0       0       0       0       0       0       0       0       0
      Locals:         3       0       0       0       0       0       0       0       0       0       0       0       0       0       0
      Temps:          4       0       0       0       0       0       0       0       0       0       0       0       0       0       0
      Totals:        11       0       0       0       0       0       0       0       0       0       0       0       0       0       0
Total ram usage:       11 bytes
 Hardware stack levels used:    1
 This function calls:
		Nothing
 This function is called by:
		_USBMSDInit
		_USBCheckMSDRequest
		_MSDTasks
		_MSDProcessCommandMediaPresent
		_MSDReadHandler
		_MSDWriteHandler
		_MSDTransferTerminated
		_APP_DeviceCustomHIDInitialize
		_APP_DeviceCustomHIDTasks
 This function uses a non-reentrant model



MODULE INFORMATION

Module		Function		Class		Link	Load	Size
usb_device_hid.c
		_USBCheckHIDRequest		CODE           	4266	0000	227

usb_device_hid.c estimated size: 227

C:\Program Files (x86)\Microchip\xc8\v2.00\pic\sources\c90\common\lwmod.c
		___lwmod       		CODE           	69C0	0000	67

C:\Program Files (x86)\Microchip\xc8\v2.00\pic\sources\c90\common\lwmod.c estimated size: 67

C:\Program Files (x86)\Microchip\xc8\v2.00\pic\sources\c90\common\strncmp.c
		_strncmp       		CODE           	5B3A	0000	133

C:\Program Files (x86)\Microchip\xc8\v2.00\pic\sources\c90\common\strncmp.c estimated size: 133

C:\Program Files (x86)\Microchip\xc8\v2.00\pic\sources\c90\common\llmod.c
		___llmod       		CODE           	609E	0000	103

C:\Program Files (x86)\Microchip\xc8\v2.00\pic\sources\c90\common\llmod.c estimated size: 103

C:\Program Files (x86)\Microchip\xc8\v2.00\pic\sources\c90\common\memcpy.c
		_memcpy        		CODE           	6038	0000	103

C:\Program Files (x86)\Microchip\xc8\v2.00\pic\sources\c90\common\memcpy.c estimated size: 103

C:\Program Files (x86)\Microchip\xc8\v2.00\pic\sources\c90\common\Umul16.c
		___wmul        		CODE           	6F1E	0000	39

C:\Program Files (x86)\Microchip\xc8\v2.00\pic\sources\c90\common\Umul16.c estimated size: 39

i2c.c
		__i2c_read     		CODE           	599C	0000	141
		_i2c_display_write_fixed		CODE           	64F6	0000	87
		__i2c_not_acknowledge		CODE           	71B6	0000	11
		_i2c_reset     		CODE           	716A	0000	15
		__i2c_get      		CODE           	71C0	0000	11
		__i2c_wait_idle		CODE           	6342	0000	89
		_i2c_display_send_init_sequence		CODE           	6D30	0000	45
		__i2c_send     		CODE           	722A	0000	9
		_i2c_set_frequency		CODE           	6DE0	0000	45
		__ic2_display_set_address		CODE           	6EF8	0000	39
		__i2c_open_1   		CODE           	705C	0000	25
		__i2c_stop     		CODE           	721A	0000	9
		__i2c_write    		CODE           	6826	0000	73
		__i2c_start    		CODE           	7222	0000	9
		_i2c_init      		CODE           	71A0	0000	13
		_i2c_eeprom_readByte		CODE           	66F4	0000	81
		__i2c_acknowledge		CODE           	71CA	0000	11
		_i2c_display_cursor		CODE           	6F68	0000	37
		_i2c_eeprom_writeByte		CODE           	6A02	0000	65

i2c.c estimated size: 815

app_device_msd.c
		_APP_DeviceMSDInitialize		CODE           	715A	0000	17
		_APP_DeviceMSDTasks		CODE           	70F2	0000	19

app_device_msd.c estimated size: 36

C:\Program Files (x86)\Microchip\xc8\v2.00\pic\sources\c90\common\itoa.c
		_itoa          		CODE           	697E	0000	67
		_utoa          		CODE           	5394	0000	165

C:\Program Files (x86)\Microchip\xc8\v2.00\pic\sources\c90\common\itoa.c estimated size: 232

api.c
		__fill_buffer_get_status		CODE           	442A	0000	227
		_api_prepare   		CODE           	46CC	0000	223
		_api_parse     		CODE           	3726	0000	293
		__fill_buffer_get_bootloader_details		CODE           	203C	0000	495
		__parse_command_long		CODE           	6AF4	0000	59
		__parse_format_drive		CODE           	51A0	0000	171
		__fill_buffer_get_display		CODE           	4EE6	0000	181
		__parse_command_short		CODE           	590A	0000	147

api.c estimated size: 1796

C:\Program Files (x86)\Microchip\xc8\v2.00\pic\sources\c90\common\__lldiv.c
		___lldiv       		CODE           	5BBE	0000	131

C:\Program Files (x86)\Microchip\xc8\v2.00\pic\sources\c90\common\__lldiv.c estimated size: 131

C:\Program Files (x86)\Microchip\xc8\v2.00\pic\sources\c90\common\lwdiv.c
		___lwdiv       		CODE           	66A2	0000	83

C:\Program Files (x86)\Microchip\xc8\v2.00\pic\sources\c90\common\lwdiv.c estimated size: 83

ui.c
		_ui_get_status 		CODE           	724A	0000	7
		_ui_run        		CODE           	408A	0000	251
		_ui_init       		CODE           	70E0	0000	19
		__ui_encoder   		CODE           	3E8A	0000	257

ui.c estimated size: 534

bootloader.c
		_bootloader_run		CODE           	5FD0	0000	105
		_bootloader_get_error		CODE           	7250	0000	7
		__bootloader_program		CODE           	085A	0000	949
		_bootloader_get_rec_data		CODE           	70A4	0000	23
		_bootloader_get_flashPagesWritten		CODE           	7206	0000	11
		_bootloader_get_rec_dataLength		CODE           	71E8	0000	11
		_bootloader_get_entries		CODE           	71FC	0000	11
		__bootloader_verify_file		CODE           	0C0E	0000	799
		__bootloader_find_file		CODE           	5438	0000	161
		_bootloader_get_rec_checksum		CODE           	7244	0000	7
		_bootloader_get_rec_checksumCheck		CODE           	723E	0000	7
		_bootloader_get_rec_address		CODE           	71F2	0000	11
		_bootloader_get_file_size		CODE           	7116	0000	19
		_bootloader_get_total_entries		CODE           	7210	0000	11
		__bootloader_check_address		CODE           	4964	0000	219
		_bootloader_get_rec_recordType		CODE           	7238	0000	7

bootloader.c estimated size: 2358

spi.c
		_spi_init      		CODE           	6A42	0000	61
		__spi_init     		CODE           	6B2E	0000	57
		_spi_tx        		CODE           	63F2	0000	89
		_spi_tx_rx     		CODE           	57E4	0000	149
		_spi_tx_tx     		CODE           	5A28	0000	141

spi.c estimated size: 497

app_device_custom_hid.c
		_APP_DeviceCustomHIDTasks		CODE           	54D8	0000	161
		_APP_DeviceCustomHIDInitialize		CODE           	6C08	0000	53

app_device_custom_hid.c estimated size: 214

shared
		_verify_line1  		MEDIUMCONST    	8DB8	0000	17
		_verify_line2  		MEDIUMCONST    	8E40	0000	14
		_verify_line3  		MEDIUMCONST    	8E88	0000	8
		_configDescriptor1		MEDIUMCONST    	8EA7	0000	65
		_inq_resp      		MEDIUMCONST    	8F49	0000	37
		_USB_CD_Ptr    		MEDIUMCONST    	8EA3	0000	3
		_sd001         		MEDIUMCONST    	8EE7	0000	53
		_failed_line1  		MEDIUMCONST    	8D98	0000	17
		_failed_line2  		MEDIUMCONST    	8CE2	0000	19
		_failed_line4  		MEDIUMCONST    	8E69	0000	9
		_sd002         		MEDIUMCONST    	8F1B	0000	47
		_found_line1   		MEDIUMCONST    	8DC8	0000	17
		_found_line2   		MEDIUMCONST    	8CBD	0000	20
		_found_line3   		MEDIUMCONST    	8E96	0000	8
		_found_line4   		MEDIUMCONST    	8CF4	0000	19
		_checked_line1 		MEDIUMCONST    	8DA8	0000	17
		_checked_line2 		MEDIUMCONST    	8C6D	0000	22
		_checked_line3 		MEDIUMCONST    	8E71	0000	9
		_checked_line4 		MEDIUMCONST    	8D06	0000	18
		_found_line3b  		MEDIUMCONST    	8E8F	0000	8
		_failed_line3_checksum		MEDIUMCONST    	8DF8	0000	16
		_failed_line3_startCode		MEDIUMCONST    	8CAA	0000	20
		_failed_line3_dataTooLong		MEDIUMCONST    	8E25	0000	15
		_sd003         		MEDIUMCONST    	8F8A	0000	27
		__initialization		CODE           	524A	0000	161
		_device_dsc    		MEDIUMCONST    	8FA4	0000	19
		_failed_line3_addressRange		MEDIUMCONST    	8C82	0000	21
		_bootloader_filename		MEDIUMCONST    	8FB6	0000	10
		_reboot_line1  		MEDIUMCONST    	8E33	0000	14
		_bootloader_extension		MEDIUMCONST    	8FC7	0000	5
		_flash_command_pagesize_512		MEDIUMCONST    	8FC3	0000	5
		_flash_command_pagesize_528		MEDIUMCONST    	8FBF	0000	5
		_search_line1  		MEDIUMCONST    	8DD8	0000	17
		_search_line2  		MEDIUMCONST    	8D17	0000	18
		_search_line3  		MEDIUMCONST    	8C96	0000	21
		_search_line4  		MEDIUMCONST    	8E57	0000	10
		_failed_line3_noNextRecord		MEDIUMCONST    	8E07	0000	16
		_done_line1    		MEDIUMCONST    	8D68	0000	17
		_done_line2    		MEDIUMCONST    	8E9D	0000	7
		_done_line3    		MEDIUMCONST    	8D58	0000	17
		_done_line4    		MEDIUMCONST    	8D48	0000	17
		_start_line1   		MEDIUMCONST    	8DE8	0000	17
		_start_line2   		MEDIUMCONST    	8E60	0000	10
		_start_line3   		MEDIUMCONST    	8EA6	0000	2
		_start_line4   		MEDIUMCONST    	8E16	0000	16
		_suspended_line1		MEDIUMCONST    	8D38	0000	17
		_USB_SD_Ptr    		MEDIUMCONST    	8E79	0000	9
		_suspended_line2		MEDIUMCONST    	8E4D	0000	11
		_suspended_line3		MEDIUMCONST    	8EA5	0000	2
		_suspended_line4		MEDIUMCONST    	8D28	0000	17
		_hid_rpt01     		MEDIUMCONST    	8F6D	0000	30
		_sd000         		MEDIUMCONST    	8FCB	0000	5
		_programming_line1		MEDIUMCONST    	8D88	0000	17
		_programming_line2		MEDIUMCONST    	8CD0	0000	19
		_programming_line3		MEDIUMCONST    	8E81	0000	8
		_programming_line4		MEDIUMCONST    	8D78	0000	17

shared estimated size: 1082

flash.c
		__flash_wakeup 		CODE           	65A2	0000	87
		_flash_init    		CODE           	7178	0000	15
		_flash_sector_read		CODE           	6ED2	0000	39
		_flash_partial_read		CODE           	6E86	0000	39
		__flash_is_busy		CODE           	6FAE	0000	35
		_flash_is_busy 		CODE           	71DE	0000	11
		__flash_write_to_buffer		CODE           	6744	0000	81
		__flash_get_status		CODE           	6CA0	0000	51
		__flash_set_page_size		CODE           	5C40	0000	123
		__flash_write_page_from_buffer		CODE           	639A	0000	89
		__flash_compare_page_to_buffer		CODE           	5D32	0000	121
		__flash_partial_read		CODE           	5CBA	0000	121
		_flash_sector_write		CODE           	6794	0000	75

flash.c estimated size: 887

os.c
		_reboot        		CODE           	7042	0000	27
		_system_full_init		CODE           	68B4	0000	69
		_system_encoder_enable		CODE           	713A	0000	17
		__system_encoder_init		CODE           	6ABA	0000	59
		_timer_pseudo_isr		CODE           	6BD4	0000	53
		_system_minimal_init_undo		CODE           	7194	0000	13
		_system_minimal_init		CODE           	70CE	0000	19
		_system_delay_ms		CODE           	6F44	0000	37
		__system_timer0_init		CODE           	6FD0	0000	33
		_jump_to_main_program		CODE           	7232	0000	7

os.c estimated size: 334

usb_device.c
		_USBCtrlTrfInHandler		CODE           	4BE0	0000	201
		_USBTransferOnePacket		CODE           	3D88	0000	259
		_USBStdGetDscHandler		CODE           	34C4	0000	315
		_USBCtrlEPAllowDataStage		CODE           	5616	0000	159
		_USBStdFeatureReqHandler		CODE           	14D6	0000	645
		_USBCtrlEPAllowStatusStage		CODE           	4CA8	0000	197
		_USBCtrlTrfSetupHandler		CODE           	5878	0000	147
		_USBCtrlTrfOutHandler		CODE           	628A	0000	97
		_USBCtrlEPServiceComplete		CODE           	3F8A	0000	257
		_USBSuspend    		CODE           	6CD2	0000	49
		_USBStdSetCfgHandler		CODE           	45EC	0000	225
		_USBStdGetStatusHandler		CODE           	50F6	0000	171
		_USBWakeFromSuspend		CODE           	6B66	0000	57
		_USBStallEndpoint		CODE           	3A74	0000	265
		_USBCtrlTrfRxService		CODE           	384A	0000	281
		_USBCtrlTrfTxService		CODE           	4A3E	0000	213
		_USBEnableEndpoint		CODE           	6A7E	0000	61
		_USBConfigureEndpoint		CODE           	5750	0000	149
		_USBDeviceInit 		CODE           	3376	0000	335
		_USBIncrement1msInternalTimers		CODE           	6F8C	0000	35
		_USBCtrlEPService		CODE           	504A	0000	173
		_USBStallHandler		CODE           	68F8	0000	69
		_USBDeviceTasks		CODE           	2C92	0000	375
		_USBCheckStdRequest		CODE           	4184	0000	227

usb_device.c estimated size: 4962

display.c
		__display_found		CODE           	222A	0000	479
		__display_clear		CODE           	67DE	0000	73
		__display_start		CODE           	25E2	0000	473
		__display_suspended		CODE           	30D2	0000	339
		__display_itoa_u32		CODE           	2F7A	0000	345
		__display_itoa_u16		CODE           	4F9A	0000	177
		__display_failed		CODE           	0F2C	0000	755
		__display_search		CODE           	3224	0000	339
		__display_rebooting		CODE           	654C	0000	87
		__display_verify		CODE           	35FE	0000	297
		_display_update		CODE           	5F66	0000	107
		_display_prepare		CODE           	47AA	0000	223
		_display_get_character		CODE           	6E0C	0000	43
		__display_checked		CODE           	2B1A	0000	377
		__display_done 		CODE           	2E08	0000	371
		__display_programming		CODE           	27BA	0000	459

display.c estimated size: 4944

usb_events.c
		_USER_USB_CALLBACK_EVENT_HANDLER		CODE           	5AB4	0000	135

usb_events.c estimated size: 135

hex.c
		_hexCharToUint8		CODE           	6D5C	0000	45
		_parseHexFileEntry		CODE           	0020	0000	1149
		_hexCharsToUint8		CODE           	6FF0	0000	29
		_hexCharsToUint16		CODE           	5E1C	0000	113

hex.c estimated size: 1336

C:\Program Files (x86)\Microchip\xc8\v2.00\pic\sources\c90\common\memset.c
		_memset        		CODE           	6DB4	0000	45

C:\Program Files (x86)\Microchip\xc8\v2.00\pic\sources\c90\common\memset.c estimated size: 45

internal_flash.c
		_internalFlash_pageFromAddress		CODE           	700C	0000	29
		_internalFlash_writePage		CODE           	4E2E	0000	185
		_internalFlash_addressFromPage		CODE           	6D02	0000	47
		_internalFlash_getBuffer		CODE           	71AC	0000	11
		_internalFlash_addressWithinPage		CODE           	622A	0000	97
		_internalFlash_read		CODE           	6B9E	0000	55
		__internalFlash_unlockAndActivate		CODE           	6E36	0000	41
		_internalFlash_erasePage		CODE           	5EFA	0000	109
		_internalFlash_readPage		CODE           	693C	0000	67

internal_flash.c estimated size: 641

main.c
		_main          		CODE           	4888	0000	221
		__normal_mode  		CODE           	62EA	0000	89

main.c estimated size: 310

fat16.c
		__fat_sector_from_cluster		CODE           	7074	0000	25
		__get_data     		CODE           	6E5E	0000	41
		__root_is_available		CODE           	6104	0000	99
		__find_nth_cluster		CODE           	5578	0000	159
		__read_fat     		CODE           	644A	0000	87
		__data_sector_from_cluster		CODE           	7186	0000	15
		__fat_offset_from_cluster		CODE           	708C	0000	25
		__read_value_from_offset		CODE           	686E	0000	71
		__get_fbr      		CODE           	175A	0000	613
		_fat_init      		CODE           	714A	0000	17
		__get_root     		CODE           	2984	0000	407
		_fat_format    		CODE           	1E3C	0000	513
		__get_fat      		CODE           	65F8	0000	87
		_fat_read_from_file_fast		CODE           	1C16	0000	551
		__get_mbr      		CODE           	4B12	0000	207
		_fat_find_file 		CODE           	450C	0000	225
		_fat_get_file_information		CODE           	5DAA	0000	115
		__offset_from_file_number		CODE           	6EAC	0000	39
		_fat_get_file_size		CODE           	5E8C	0000	111
		__sector_from_file_number		CODE           	6D88	0000	45
		_fat_get_format_status		CODE           	52F0	0000	165

fat16.c estimated size: 3617

external_flash.c
		_ExternalFlash_MediaInitialize		CODE           	7028	0000	27
		_ExternalFlash_WriteProtectStateGet		CODE           	7256	0000	5
		_ExternalFlash_MediaDetect		CODE           	725A	0000	5
		_ExternalFlash_CapacityRead		CODE           	7104	0000	19
		_ExternalFlash_SectorSizeRead		CODE           	71D4	0000	11
		_ExternalFlash_SectorWrite		CODE           	6C3C	0000	51
		_ExternalFlash_SectorRead		CODE           	6C6E	0000	51

external_flash.c estimated size: 169

system.c
		_SYSTEM_Initialize		CODE           	664E	0000	85

system.c estimated size: 85

usb_device_msd.c
		_ResetSenseData		CODE           	61C8	0000	99
		_USBMSDInit    		CODE           	3B7C	0000	263
		_MSDWriteHandler		CODE           	121E	0000	697
		_MSDErrorHandler		CODE           	3C82	0000	263
		_MSDProcessCommandMediaAbsent		CODE           	6166	0000	99
		_MSDComputeDeviceInAndResidue		CODE           	56B4	0000	157
		_MSDReadHandler		CODE           	2408	0000	475
		_MSDCheckForErrorCases		CODE           	4348	0000	227
		_MSDProcessCommand		CODE           	3962	0000	275
		_MSDTasks      		CODE           	19BE	0000	601
		_MSDTransferTerminated		CODE           	64A0	0000	87
		_MSDProcessCommandMediaPresent		CODE           	049C	0000	959
		_USBCheckMSDRequest		CODE           	4D6C	0000	195

usb_device_msd.c estimated size: 4397

